<html>
<body>
<pre>
<h1>µVision Build Log</h1>
<h2>Tool Versions:</h2>
IDE-Version: ¦ÌVision V5.20.0.0
Copyright (C) 2016 ARM Ltd and ARM Germany GmbH. All rights reserved.
License Information: wang Microsoft, Microsoft, LIC=14HJJ-U00C9-2LKCT-RCPRZ-Y7SG6-4KRQJ
 
Tool Versions:
Toolchain:       MDK-ARM Plus  Version: 5.20
Toolchain Path:  C:\Keil_v5\ARM\ARMCC\Bin
C Compiler:      Armcc.exe V5.06 update 2 (build 183)
Assembler:       Armasm.exe V5.06 update 2 (build 183)
Linker/Locator:  ArmLink.exe V5.06 update 2 (build 183)
Library Manager: ArmAr.exe V5.06 update 2 (build 183)
Hex Converter:   FromElf.exe V5.06 update 2 (build 183)
CPU DLL:         SARMCM3.DLL V5.20
Dialog DLL:      DCM.DLL V1.13.7.0
Target DLL:      STLink\ST-LINKIII-KEIL_SWO.dll V2.0.18.0
Dialog DLL:      TCM.DLL V1.14.9.0
 
<h2>Project:</h2>
H:\STM32_Keil_PRJ\LWIP_MQTT\STM32F4x7_ETH_LwIP_V1.1.1\Project\FreeRTOS\httpserver_socket - polarSSl\MDK-ARM\Project.uvprojx
Project File Date:  04/25/2018

<h2>Output:</h2>
*** Using Compiler 'V5.06 update 2 (build 183)', folder: 'C:\Keil_v5\ARM\ARMCC\Bin'
Rebuild target 'STM324xG_EVAL'
assembling startup_stm32f4xx.s...
compiling fs.c...
..\..\..\..\Utilities\Third_Party\lwip-1.4.1\port\STM32F4x7\arch/cc.h(46): warning:  #47-D: incompatible redefinition of macro "LWIP_DEBUG" (declared at line 213 of "..\inc\lwipopts.h")
  #define LWIP_DEBUG
..\src\fs.c: 1 warning, 0 errors
compiling httpserver-socket.c...
..\..\..\..\Utilities\Third_Party\lwip-1.4.1\port\STM32F4x7\arch/cc.h(46): warning:  #47-D: incompatible redefinition of macro "LWIP_DEBUG" (declared at line 213 of "..\inc\lwipopts.h")
  #define LWIP_DEBUG
..\src\httpserver-socket.c: 1 warning, 0 errors
compiling system_stm32f4xx.c...
compiling main.c...
..\..\..\..\Utilities\Third_Party\lwip-1.4.1\port\STM32F4x7\arch/cc.h(46): warning:  #47-D: incompatible redefinition of macro "LWIP_DEBUG" (declared at line 213 of "..\inc\lwipopts.h")
  #define LWIP_DEBUG
..\src\main.c: 1 warning, 0 errors
compiling stm32f4x7_eth_bsp.c...
..\..\..\..\Utilities\Third_Party\lwip-1.4.1\port\STM32F4x7\arch/cc.h(46): warning:  #47-D: incompatible redefinition of macro "LWIP_DEBUG" (declared at line 213 of "..\inc\lwipopts.h")
  #define LWIP_DEBUG
..\src\stm32f4x7_eth_bsp.c: 1 warning, 0 errors
compiling stm32f4xx_it.c...
..\..\..\..\Utilities\Third_Party\lwip-1.4.1\port\STM32F4x7\arch/cc.h(46): warning:  #47-D: incompatible redefinition of macro "LWIP_DEBUG" (declared at line 213 of "..\inc\lwipopts.h")
  #define LWIP_DEBUG
..\src\stm32f4xx_it.c: 1 warning, 0 errors
compiling netconf.c...
..\..\..\..\Utilities\Third_Party\lwip-1.4.1\port\STM32F4x7\arch/cc.h(46): warning:  #47-D: incompatible redefinition of macro "LWIP_DEBUG" (declared at line 213 of "..\inc\lwipopts.h")
  #define LWIP_DEBUG
..\src\netconf.c: 1 warning, 0 errors
compiling serial_debug.c...
..\..\..\..\Utilities\Third_Party\lwip-1.4.1\port\STM32F4x7\arch/cc.h(46): warning:  #47-D: incompatible redefinition of macro "LWIP_DEBUG" (declared at line 213 of "..\inc\lwipopts.h")
  #define LWIP_DEBUG
..\src\serial_debug.c: 1 warning, 0 errors
compiling api_lib.c...
..\..\..\..\Utilities\Third_Party\lwip-1.4.1\port\STM32F4x7\arch/cc.h(46): warning:  #47-D: incompatible redefinition of macro "LWIP_DEBUG" (declared at line 213 of "..\inc\lwipopts.h")
  #define LWIP_DEBUG
..\..\..\..\Utilities\Third_Party\lwip-1.4.1\src\api\api_lib.c: 1 warning, 0 errors
compiling err.c...
..\..\..\..\Utilities\Third_Party\lwip-1.4.1\port\STM32F4x7\arch/cc.h(46): warning:  #47-D: incompatible redefinition of macro "LWIP_DEBUG" (declared at line 213 of "..\inc\lwipopts.h")
  #define LWIP_DEBUG
..\..\..\..\Utilities\Third_Party\lwip-1.4.1\src\api\err.c: 1 warning, 0 errors
compiling netifapi.c...
..\..\..\..\Utilities\Third_Party\lwip-1.4.1\port\STM32F4x7\arch/cc.h(46): warning:  #47-D: incompatible redefinition of macro "LWIP_DEBUG" (declared at line 213 of "..\inc\lwipopts.h")
  #define LWIP_DEBUG
..\..\..\..\Utilities\Third_Party\lwip-1.4.1\src\api\netifapi.c: 1 warning, 0 errors
compiling netdb.c...
..\..\..\..\Utilities\Third_Party\lwip-1.4.1\port\STM32F4x7\arch/cc.h(46): warning:  #47-D: incompatible redefinition of macro "LWIP_DEBUG" (declared at line 213 of "..\inc\lwipopts.h")
  #define LWIP_DEBUG
..\..\..\..\Utilities\Third_Party\lwip-1.4.1\src\api\netdb.c: 1 warning, 0 errors
compiling netbuf.c...
..\..\..\..\Utilities\Third_Party\lwip-1.4.1\port\STM32F4x7\arch/cc.h(46): warning:  #47-D: incompatible redefinition of macro "LWIP_DEBUG" (declared at line 213 of "..\inc\lwipopts.h")
  #define LWIP_DEBUG
..\..\..\..\Utilities\Third_Party\lwip-1.4.1\src\api\netbuf.c: 1 warning, 0 errors
compiling api_msg.c...
..\..\..\..\Utilities\Third_Party\lwip-1.4.1\port\STM32F4x7\arch/cc.h(46): warning:  #47-D: incompatible redefinition of macro "LWIP_DEBUG" (declared at line 213 of "..\inc\lwipopts.h")
  #define LWIP_DEBUG
..\..\..\..\Utilities\Third_Party\lwip-1.4.1\src\api\api_msg.c: 1 warning, 0 errors
compiling mqttclient.c...
..\..\..\..\Utilities\Third_Party\lwip-1.4.1\port\STM32F4x7\arch/cc.h(46): warning:  #47-D: incompatible redefinition of macro "LWIP_DEBUG" (declared at line 213 of "..\inc\lwipopts.h")
  #define LWIP_DEBUG
..\src\mqttclient.c: 1 warning, 0 errors
compiling dns.c...
..\..\..\..\Utilities\Third_Party\lwip-1.4.1\port\STM32F4x7\arch/cc.h(46): warning:  #47-D: incompatible redefinition of macro "LWIP_DEBUG" (declared at line 213 of "..\inc\lwipopts.h")
  #define LWIP_DEBUG
..\..\..\..\Utilities\Third_Party\lwip-1.4.1\src\core\dns.c: 1 warning, 0 errors
compiling tcpip.c...
..\..\..\..\Utilities\Third_Party\lwip-1.4.1\port\STM32F4x7\arch/cc.h(46): warning:  #47-D: incompatible redefinition of macro "LWIP_DEBUG" (declared at line 213 of "..\inc\lwipopts.h")
  #define LWIP_DEBUG
..\..\..\..\Utilities\Third_Party\lwip-1.4.1\src\api\tcpip.c: 1 warning, 0 errors
compiling init.c...
..\..\..\..\Utilities\Third_Party\lwip-1.4.1\port\STM32F4x7\arch/cc.h(46): warning:  #47-D: incompatible redefinition of macro "LWIP_DEBUG" (declared at line 213 of "..\inc\lwipopts.h")
  #define LWIP_DEBUG
..\..\..\..\Utilities\Third_Party\lwip-1.4.1\src\core\init.c: 1 warning, 0 errors
compiling sockets.c...
..\..\..\..\Utilities\Third_Party\lwip-1.4.1\port\STM32F4x7\arch/cc.h(46): warning:  #47-D: incompatible redefinition of macro "LWIP_DEBUG" (declared at line 213 of "..\inc\lwipopts.h")
  #define LWIP_DEBUG
..\..\..\..\Utilities\Third_Party\lwip-1.4.1\src\api\sockets.c: 1 warning, 0 errors
compiling dhcp.c...
..\..\..\..\Utilities\Third_Party\lwip-1.4.1\port\STM32F4x7\arch/cc.h(46): warning:  #47-D: incompatible redefinition of macro "LWIP_DEBUG" (declared at line 213 of "..\inc\lwipopts.h")
  #define LWIP_DEBUG
..\..\..\..\Utilities\Third_Party\lwip-1.4.1\src\core\dhcp.c: 1 warning, 0 errors
compiling mem.c...
..\..\..\..\Utilities\Third_Party\lwip-1.4.1\port\STM32F4x7\arch/cc.h(46): warning:  #47-D: incompatible redefinition of macro "LWIP_DEBUG" (declared at line 213 of "..\inc\lwipopts.h")
  #define LWIP_DEBUG
..\..\..\..\Utilities\Third_Party\lwip-1.4.1\src\core\mem.c: 1 warning, 0 errors
compiling memp.c...
..\..\..\..\Utilities\Third_Party\lwip-1.4.1\port\STM32F4x7\arch/cc.h(46): warning:  #47-D: incompatible redefinition of macro "LWIP_DEBUG" (declared at line 213 of "..\inc\lwipopts.h")
  #define LWIP_DEBUG
..\..\..\..\Utilities\Third_Party\lwip-1.4.1\src\core\memp.c: 1 warning, 0 errors
compiling stats.c...
..\..\..\..\Utilities\Third_Party\lwip-1.4.1\port\STM32F4x7\arch/cc.h(46): warning:  #47-D: incompatible redefinition of macro "LWIP_DEBUG" (declared at line 213 of "..\inc\lwipopts.h")
  #define LWIP_DEBUG
..\..\..\..\Utilities\Third_Party\lwip-1.4.1\src\core\stats.c: 1 warning, 0 errors
compiling netif.c...
..\..\..\..\Utilities\Third_Party\lwip-1.4.1\port\STM32F4x7\arch/cc.h(46): warning:  #47-D: incompatible redefinition of macro "LWIP_DEBUG" (declared at line 213 of "..\inc\lwipopts.h")
  #define LWIP_DEBUG
..\..\..\..\Utilities\Third_Party\lwip-1.4.1\src\core\netif.c: 1 warning, 0 errors
compiling raw.c...
..\..\..\..\Utilities\Third_Party\lwip-1.4.1\port\STM32F4x7\arch/cc.h(46): warning:  #47-D: incompatible redefinition of macro "LWIP_DEBUG" (declared at line 213 of "..\inc\lwipopts.h")
  #define LWIP_DEBUG
..\..\..\..\Utilities\Third_Party\lwip-1.4.1\src\core\raw.c: 1 warning, 0 errors
compiling pbuf.c...
..\..\..\..\Utilities\Third_Party\lwip-1.4.1\port\STM32F4x7\arch/cc.h(46): warning:  #47-D: incompatible redefinition of macro "LWIP_DEBUG" (declared at line 213 of "..\inc\lwipopts.h")
  #define LWIP_DEBUG
..\..\..\..\Utilities\Third_Party\lwip-1.4.1\src\core\pbuf.c: 1 warning, 0 errors
compiling sys.c...
..\..\..\..\Utilities\Third_Party\lwip-1.4.1\port\STM32F4x7\arch/cc.h(46): warning:  #47-D: incompatible redefinition of macro "LWIP_DEBUG" (declared at line 213 of "..\inc\lwipopts.h")
  #define LWIP_DEBUG
..\..\..\..\Utilities\Third_Party\lwip-1.4.1\src\core\sys.c: 1 warning, 0 errors
compiling autoip.c...
..\..\..\..\Utilities\Third_Party\lwip-1.4.1\port\STM32F4x7\arch/cc.h(46): warning:  #47-D: incompatible redefinition of macro "LWIP_DEBUG" (declared at line 213 of "..\inc\lwipopts.h")
  #define LWIP_DEBUG
..\..\..\..\Utilities\Third_Party\lwip-1.4.1\src\core\ipv4\autoip.c: 1 warning, 0 errors
compiling tcp.c...
..\..\..\..\Utilities\Third_Party\lwip-1.4.1\port\STM32F4x7\arch/cc.h(46): warning:  #47-D: incompatible redefinition of macro "LWIP_DEBUG" (declared at line 213 of "..\inc\lwipopts.h")
  #define LWIP_DEBUG
..\..\..\..\Utilities\Third_Party\lwip-1.4.1\src\core\tcp.c: 1 warning, 0 errors
compiling igmp.c...
..\..\..\..\Utilities\Third_Party\lwip-1.4.1\port\STM32F4x7\arch/cc.h(46): warning:  #47-D: incompatible redefinition of macro "LWIP_DEBUG" (declared at line 213 of "..\inc\lwipopts.h")
  #define LWIP_DEBUG
..\..\..\..\Utilities\Third_Party\lwip-1.4.1\src\core\ipv4\igmp.c: 1 warning, 0 errors
compiling udp.c...
..\..\..\..\Utilities\Third_Party\lwip-1.4.1\port\STM32F4x7\arch/cc.h(46): warning:  #47-D: incompatible redefinition of macro "LWIP_DEBUG" (declared at line 213 of "..\inc\lwipopts.h")
  #define LWIP_DEBUG
..\..\..\..\Utilities\Third_Party\lwip-1.4.1\src\core\udp.c: 1 warning, 0 errors
compiling tcp_in.c...
..\..\..\..\Utilities\Third_Party\lwip-1.4.1\port\STM32F4x7\arch/cc.h(46): warning:  #47-D: incompatible redefinition of macro "LWIP_DEBUG" (declared at line 213 of "..\inc\lwipopts.h")
  #define LWIP_DEBUG
..\..\..\..\Utilities\Third_Party\lwip-1.4.1\src\core\tcp_in.c: 1 warning, 0 errors
compiling icmp.c...
..\..\..\..\Utilities\Third_Party\lwip-1.4.1\port\STM32F4x7\arch/cc.h(46): warning:  #47-D: incompatible redefinition of macro "LWIP_DEBUG" (declared at line 213 of "..\inc\lwipopts.h")
  #define LWIP_DEBUG
..\..\..\..\Utilities\Third_Party\lwip-1.4.1\src\core\ipv4\icmp.c: 1 warning, 0 errors
compiling tcp_out.c...
..\..\..\..\Utilities\Third_Party\lwip-1.4.1\port\STM32F4x7\arch/cc.h(46): warning:  #47-D: incompatible redefinition of macro "LWIP_DEBUG" (declared at line 213 of "..\inc\lwipopts.h")
  #define LWIP_DEBUG
..\..\..\..\Utilities\Third_Party\lwip-1.4.1\src\core\tcp_out.c(845): warning:  #550-D: variable "tcphdr" was set but never used
    struct tcp_hdr *tcphdr;
..\..\..\..\Utilities\Third_Party\lwip-1.4.1\src\core\tcp_out.c(1369): warning:  #550-D: variable "tcphdr" was set but never used
    struct tcp_hdr *tcphdr;
..\..\..\..\Utilities\Third_Party\lwip-1.4.1\src\core\tcp_out.c: 3 warnings, 0 errors
compiling inet.c...
..\..\..\..\Utilities\Third_Party\lwip-1.4.1\port\STM32F4x7\arch/cc.h(46): warning:  #47-D: incompatible redefinition of macro "LWIP_DEBUG" (declared at line 213 of "..\inc\lwipopts.h")
  #define LWIP_DEBUG
..\..\..\..\Utilities\Third_Party\lwip-1.4.1\src\core\ipv4\inet.c: 1 warning, 0 errors
compiling inet_chksum.c...
..\..\..\..\Utilities\Third_Party\lwip-1.4.1\port\STM32F4x7\arch/cc.h(46): warning:  #47-D: incompatible redefinition of macro "LWIP_DEBUG" (declared at line 213 of "..\inc\lwipopts.h")
  #define LWIP_DEBUG
..\..\..\..\Utilities\Third_Party\lwip-1.4.1\src\core\ipv4\inet_chksum.c: 1 warning, 0 errors
compiling ip.c...
..\..\..\..\Utilities\Third_Party\lwip-1.4.1\port\STM32F4x7\arch/cc.h(46): warning:  #47-D: incompatible redefinition of macro "LWIP_DEBUG" (declared at line 213 of "..\inc\lwipopts.h")
  #define LWIP_DEBUG
..\..\..\..\Utilities\Third_Party\lwip-1.4.1\src\core\ipv4\ip.c: 1 warning, 0 errors
compiling ip_addr.c...
..\..\..\..\Utilities\Third_Party\lwip-1.4.1\port\STM32F4x7\arch/cc.h(46): warning:  #47-D: incompatible redefinition of macro "LWIP_DEBUG" (declared at line 213 of "..\inc\lwipopts.h")
  #define LWIP_DEBUG
..\..\..\..\Utilities\Third_Party\lwip-1.4.1\src\core\ipv4\ip_addr.c: 1 warning, 0 errors
compiling ip_frag.c...
..\..\..\..\Utilities\Third_Party\lwip-1.4.1\port\STM32F4x7\arch/cc.h(46): warning:  #47-D: incompatible redefinition of macro "LWIP_DEBUG" (declared at line 213 of "..\inc\lwipopts.h")
  #define LWIP_DEBUG
..\..\..\..\Utilities\Third_Party\lwip-1.4.1\src\core\ipv4\ip_frag.c: 1 warning, 0 errors
compiling etharp.c...
..\..\..\..\Utilities\Third_Party\lwip-1.4.1\port\STM32F4x7\arch/cc.h(46): warning:  #47-D: incompatible redefinition of macro "LWIP_DEBUG" (declared at line 213 of "..\inc\lwipopts.h")
  #define LWIP_DEBUG
..\..\..\..\Utilities\Third_Party\lwip-1.4.1\src\netif\etharp.c: 1 warning, 0 errors
compiling sys_arch.c...
..\inc\lwipopts.h(213): warning:  #47-D: incompatible redefinition of macro "LWIP_DEBUG" (declared at line 46 of "..\..\..\..\Utilities\Third_Party\lwip-1.4.1\port\STM32F4x7\arch/cc.h")
  #define LWIP_DEBUG                      1
..\..\..\..\Utilities\Third_Party\lwip-1.4.1\src\include\lwip/debug.h(78): warning:  #47-D: incompatible redefinition of macro "LWIP_DEBUG" (declared at line 213 of "..\inc\lwipopts.h")
  #define LWIP_DEBUG	
..\..\..\..\Utilities\Third_Party\lwip-1.4.1\port\STM32F4x7\FreeRTOS\sys_arch.c: 2 warnings, 0 errors
compiling def.c...
..\..\..\..\Utilities\Third_Party\lwip-1.4.1\port\STM32F4x7\arch/cc.h(46): warning:  #47-D: incompatible redefinition of macro "LWIP_DEBUG" (declared at line 213 of "..\inc\lwipopts.h")
  #define LWIP_DEBUG
..\..\..\..\Utilities\Third_Party\lwip-1.4.1\src\core\def.c: 1 warning, 0 errors
compiling timers.c...
..\..\..\..\Utilities\Third_Party\lwip-1.4.1\port\STM32F4x7\arch/cc.h(46): warning:  #47-D: incompatible redefinition of macro "LWIP_DEBUG" (declared at line 213 of "..\inc\lwipopts.h")
  #define LWIP_DEBUG
..\..\..\..\Utilities\Third_Party\lwip-1.4.1\src\core\timers.c: 1 warning, 0 errors
compiling ethernetif.c...
..\..\..\..\Utilities\Third_Party\lwip-1.4.1\port\STM32F4x7\arch/cc.h(46): warning:  #47-D: incompatible redefinition of macro "LWIP_DEBUG" (declared at line 213 of "..\inc\lwipopts.h")
  #define LWIP_DEBUG
..\..\..\..\Utilities\Third_Party\lwip-1.4.1\port\STM32F4x7\FreeRTOS\ethernetif.c: 1 warning, 0 errors
compiling stm32f4xx_usart.c...
compiling misc.c...
compiling stm32f4xx_adc.c...
compiling stm32f4xx_dma.c...
compiling stm32f4xx_exti.c...
compiling stm32f4xx_flash.c...
compiling stm32f4xx_fsmc.c...
compiling stm32f4xx_syscfg.c...
compiling stm32f4xx_gpio.c...
compiling stm32f4xx_sdio.c...
compiling stm32f4xx_i2c.c...
compiling stm32f4xx_rcc.c...
compiling heap_4.c...
compiling list.c...
compiling croutine.c...
compiling stm32f4x7_eth.c...
..\..\..\..\Utilities\Third_Party\lwip-1.4.1\port\STM32F4x7\arch/cc.h(46): warning:  #47-D: incompatible redefinition of macro "LWIP_DEBUG" (declared at line 213 of "..\inc\lwipopts.h")
  #define LWIP_DEBUG
..\..\..\..\Libraries\STM32F4x7_ETH_Driver\src\stm32f4x7_eth.c: 1 warning, 0 errors
compiling tasks.c...
..\..\..\..\Utilities\Third_Party\lwip-1.4.1\port\STM32F4x7\arch/cc.h(46): warning:  #47-D: incompatible redefinition of macro "LWIP_DEBUG" (declared at line 213 of "..\inc\lwipopts.h")
  #define LWIP_DEBUG
..\..\..\..\Utilities\Third_Party\FreeRTOSV7.3.0\tasks.c: 1 warning, 0 errors
compiling queue.c...
compiling stm324x7i_eval.c...
compiling port.c...
compiling stm324x7i_eval_lcd.c...
compiling aesni.c...
compiling aes.c...
compiling arc4.c...
compiling sram.c...
compiling asn1parse.c...
compiling base64.c...
compiling asn1write.c...
compiling uart.c...
compiling blowfish.c...
compiling ccm.c...
compiling certs.c...
compiling camellia.c...
compiling cipher.c...
compiling cipher_wrap.c...
compiling cmac.c...
compiling bignum.c...
compiling ctr_drbg.c...
compiling debug.c...
compiling dhm.c...
compiling des.c...
compiling ecdh.c...
compiling ecdsa.c...
compiling ecjpake.c...
compiling entropy_poll.c...
compiling entropy.c...
compiling ecp_curves.c...
compiling ecp.c...
compiling error.c...
compiling havege.c...
compiling gcm.c...
compiling hmac_drbg.c...
compiling md.c...
compiling md2.c...
compiling md4.c...
compiling memory_buffer_alloc.c...
compiling md_wrap.c...
compiling md5.c...
compiling net_sockets.c...
compiling oid.c...
compiling padlock.c...
compiling pk_wrap.c...
compiling pem.c...
compiling pkcs5.c...
compiling pk.c...
compiling pkcs11.c...
compiling pkcs12.c...
compiling pkparse.c...
compiling platform.c...
compiling pkwrite.c...
compiling sha1.c...
compiling ripemd160.c...
compiling rsa.c...
compiling ssl_cache.c...
compiling sha256.c...
compiling ssl_ciphersuites.c...
compiling sha512.c...
compiling ssl_cookie.c...
compiling ssl_ticket.c...
compiling timing.c...
compiling ssl_cli.c...
compiling threading.c...
compiling version.c...
compiling version_features.c...
compiling ssl_srv.c...
compiling x509_crl.c...
compiling x509_create.c...
compiling x509.c...
compiling ssl_tls.c...
compiling x509write_crt.c...
compiling x509_csr.c...
compiling x509_crt.c...
compiling xtea.c...
compiling x509write_csr.c...
compiling MQTTConnectClient.c...
compiling MQTTConnectServer.c...
compiling MQTTDeserializePublish.c...
compiling MQTTSerializePublish.c...
compiling MQTTPacket.c...
compiling MQTTSubscribeClient.c...
compiling MQTTUnsubscribeClient.c...
compiling MQTTSubscribeServer.c...
compiling MQTTFormat.c...
compiling MQTTUnsubscribeServer.c...
compiling malloc.c...
compiling jansson_config.c...
compiling transport.c...
..\..\..\..\Utilities\Third_Party\lwip-1.4.1\port\STM32F4x7\arch/cc.h(46): warning:  #47-D: incompatible redefinition of macro "LWIP_DEBUG" (declared at line 213 of "..\inc\lwipopts.h")
  #define LWIP_DEBUG
..\MQTT\transport.c: 1 warning, 0 errors
linking...
Program Size: Code=68300 RO-data=13324 RW-data=488 ZI-data=1124256  
FromELF: creating hex file...
".\STM324xG_EVAL\STM324xG_EVAL.axf" - 0 Error(s), 49 Warning(s).

<h2>Software Packages used:</h2>

Package Vendor: ARM
                http://www.keil.com/pack/ARM.CMSIS.4.5.0.pack
                ARM::CMSIS:CORE:4.3.0
                CMSIS (Cortex Microcontroller Software Interface Standard)
   * Component: CORE Version: 4.3.0

Package Vendor: Keil
                http://www.keil.com/pack/Keil.Jansson.1.0.0.pack
                Keil::Data Exchange:JSON:Jansson:2.7.0
                Jansson is a C library for encoding, decoding and manipulating JSON data
   * Component: Jansson Version: 2.7.0

<h2>Collection of Component include folders:</h2>
  H:\STM32_Keil_PRJ\LWIP_MQTT\STM32F4x7_ETH_LwIP_V1.1.1\Project\FreeRTOS\httpserver_socket - polarSSl\MDK-ARM\RTE
  C:\Keil_v5\ARM\PACK\ARM\CMSIS\4.5.0\CMSIS\Include
  C:\Keil_v5\ARM\PACK\Keil\Jansson\1.0.0\src
  C:\Keil_v5\ARM\PACK\Keil\STM32F4xx_DFP\2.11.0\Drivers\CMSIS\Device\ST\STM32F4xx\Include

<h2>Collection of Component Files used:</h2>

   * Component: ARM::CMSIS:CORE:4.3.0

   * Component: Keil::Data Exchange:JSON:Jansson:2.7.0
      Include file:  src\jansson.h
      Source file:   src\jansson_config.c
      Library file:  lib\jansson_CM3LE.lib
Build Time Elapsed:  00:00:34
</pre>
</body>
</html>
