Component: ARM Compiler 5.06 update 2 (build 183) Tool: armlink [4d35b7]

==============================================================================

Section Cross References

    system_stm32f4xx.o(i.SystemCoreClockUpdate) refers to system_stm32f4xx.o(.data) for SystemCoreClock
    system_stm32f4xx.o(i.SystemInit) refers to system_stm32f4xx.o(i.SetSysClock) for SetSysClock
    startup_stm32f4xx.o(RESET) refers to startup_stm32f4xx.o(STACK) for __initial_sp
    startup_stm32f4xx.o(RESET) refers to startup_stm32f4xx.o(.text) for Reset_Handler
    startup_stm32f4xx.o(RESET) refers to stm32f4xx_it.o(i.NMI_Handler) for NMI_Handler
    startup_stm32f4xx.o(RESET) refers to stm32f4xx_it.o(i.HardFault_Handler) for HardFault_Handler
    startup_stm32f4xx.o(RESET) refers to stm32f4xx_it.o(i.MemManage_Handler) for MemManage_Handler
    startup_stm32f4xx.o(RESET) refers to stm32f4xx_it.o(i.BusFault_Handler) for BusFault_Handler
    startup_stm32f4xx.o(RESET) refers to stm32f4xx_it.o(i.UsageFault_Handler) for UsageFault_Handler
    startup_stm32f4xx.o(RESET) refers to port.o(.emb_text) for SVC_Handler
    startup_stm32f4xx.o(RESET) refers to stm32f4xx_it.o(i.DebugMon_Handler) for DebugMon_Handler
    startup_stm32f4xx.o(RESET) refers to stm32f4xx_it.o(i.SysTick_Handler) for SysTick_Handler
    startup_stm32f4xx.o(RESET) refers to uart.o(i.USART1_IRQHandler) for USART1_IRQHandler
    startup_stm32f4xx.o(RESET) refers to stm32f4xx_it.o(i.EXTI15_10_IRQHandler) for EXTI15_10_IRQHandler
    startup_stm32f4xx.o(RESET) refers to stm32f4xx_it.o(i.ETH_IRQHandler) for ETH_IRQHandler
    startup_stm32f4xx.o(.text) refers to system_stm32f4xx.o(i.SystemInit) for SystemInit
    startup_stm32f4xx.o(.text) refers to entry.o(.ARM.Collect$$$$00000000) for __main
    main.o(i.Beep) refers to stm324x7i_eval.o(i.STM_EVAL_LEDOff) for STM_EVAL_LEDOff
    main.o(i.Beep) refers to tasks.o(i.vTaskDelay) for vTaskDelay
    main.o(i.Beep) refers to stm324x7i_eval.o(i.STM_EVAL_LEDOn) for STM_EVAL_LEDOn
    main.o(i.Delay) refers to tasks.o(i.vTaskDelay) for vTaskDelay
    main.o(i.LCD_LED_Init) refers to stm324x7i_eval_lcd.o(i.LCD_Init) for LCD_Init
    main.o(i.LCD_LED_Init) refers to stm324x7i_eval.o(i.STM_EVAL_LEDInit) for STM_EVAL_LEDInit
    main.o(i.LCD_LED_Init) refers to stm324x7i_eval.o(i.STM_EVAL_LEDOff) for STM_EVAL_LEDOff
    main.o(i.LCD_LED_Init) refers to stm324x7i_eval.o(i.STM_EVAL_LEDOn) for STM_EVAL_LEDOn
    main.o(i.LCD_LED_Init) refers to stm324x7i_eval_lcd.o(i.LCD_Clear) for LCD_Clear
    main.o(i.LCD_LED_Init) refers to stm324x7i_eval_lcd.o(i.LCD_SetBackColor) for LCD_SetBackColor
    main.o(i.LCD_LED_Init) refers to stm324x7i_eval_lcd.o(i.LCD_SetTextColor) for LCD_SetTextColor
    main.o(i.LCD_LED_Init) refers to stm324x7i_eval_lcd.o(i.LCD_GetFont) for LCD_GetFont
    main.o(i.LCD_LED_Init) refers to stm324x7i_eval_lcd.o(i.LCD_DisplayStringLine) for LCD_DisplayStringLine
    main.o(i.Main_task) refers to printfa.o(i.__0printf) for __2printf
    main.o(i.Main_task) refers to main.o(i.LCD_LED_Init) for LCD_LED_Init
    main.o(i.Main_task) refers to sram.o(i.FSMC_SRAM_Init) for FSMC_SRAM_Init
    main.o(i.Main_task) refers to stm32f4x7_eth_bsp.o(i.ETH_BSP_Config) for ETH_BSP_Config
    main.o(i.Main_task) refers to netconf.o(i.LwIP_Init) for LwIP_Init
    main.o(i.Main_task) refers to tasks.o(i.xTaskGenericCreate) for xTaskGenericCreate
    main.o(i.Main_task) refers to main.o(i.Beep) for Beep
    main.o(i.Main_task) refers to tasks.o(i.vTaskDelete) for vTaskDelete
    main.o(i.Main_task) refers to stm32f4x7_eth_bsp.o(.data) for EthStatus
    main.o(i.Main_task) refers to main.o(i.ToggleLed4) for ToggleLed4
    main.o(i.Main_task) refers to mqttclient.o(i.mqtt_thread) for mqtt_thread
    main.o(i.ToggleLed4) refers to tasks.o(i.vTaskDelay) for vTaskDelay
    main.o(i.main) refers to misc.o(i.NVIC_PriorityGroupConfig) for NVIC_PriorityGroupConfig
    main.o(i.main) refers to uart.o(i.Uart1Init) for Uart1Init
    main.o(i.main) refers to printfa.o(i.__0printf) for __2printf
    main.o(i.main) refers to tasks.o(i.xTaskGenericCreate) for xTaskGenericCreate
    main.o(i.main) refers to tasks.o(i.vTaskStartScheduler) for vTaskStartScheduler
    main.o(i.main) refers to main.o(i.Main_task) for Main_task
    netconf.o(i.LwIP_Init) refers to tcpip.o(i.tcpip_init) for tcpip_init
    netconf.o(i.LwIP_Init) refers to printfa.o(i.__0printf) for __2printf
    netconf.o(i.LwIP_Init) refers to netif.o(i.netif_add) for netif_add
    netconf.o(i.LwIP_Init) refers to netif.o(i.netif_set_default) for netif_set_default
    netconf.o(i.LwIP_Init) refers to netif.o(i.netif_set_up) for netif_set_up
    netconf.o(i.LwIP_Init) refers to printfa.o(i.__0sprintf) for __2sprintf
    netconf.o(i.LwIP_Init) refers to stm324x7i_eval_lcd.o(i.LCD_GetFont) for LCD_GetFont
    netconf.o(i.LwIP_Init) refers to stm324x7i_eval_lcd.o(i.LCD_DisplayStringLine) for LCD_DisplayStringLine
[...]
    __1printf                                0x08003c8d   Thumb Code     0  printfa.o(i.__0printf)
    __2printf                                0x08003c8d   Thumb Code     0  printfa.o(i.__0printf)
    __c89printf                              0x08003c8d   Thumb Code     0  printfa.o(i.__0printf)
    printf                                   0x08003c8d   Thumb Code     0  printfa.o(i.__0printf)
    __0sprintf                               0x08003cad   Thumb Code    34  printfa.o(i.__0sprintf)
    __1sprintf                               0x08003cad   Thumb Code     0  printfa.o(i.__0sprintf)
    __2sprintf                               0x08003cad   Thumb Code     0  printfa.o(i.__0sprintf)
    __c89sprintf                             0x08003cad   Thumb Code     0  printfa.o(i.__0sprintf)
    sprintf                                  0x08003cad   Thumb Code     0  printfa.o(i.__0sprintf)
    __scatterload_copy                       0x08003cd5   Thumb Code    14  handlers.o(i.__scatterload_copy)
    __scatterload_null                       0x08003ce3   Thumb Code     2  handlers.o(i.__scatterload_null)
    __scatterload_zeroinit                   0x08003ce5   Thumb Code    14  handlers.o(i.__scatterload_zeroinit)
    bufchar                                  0x08004661   Thumb Code    36  mqttpacket.o(i.bufchar)
    deliverMessage                           0x080046ad   Thumb Code    72  mqttclient.o(i.deliverMessage)
    dhcp_arp_reply                           0x080046f5   Thumb Code    58  dhcp.o(i.dhcp_arp_reply)
    dhcp_coarse_tmr                          0x08004879   Thumb Code    74  dhcp.o(i.dhcp_coarse_tmr)
    dhcp_fine_tmr                            0x08004bb9   Thumb Code    68  dhcp.o(i.dhcp_fine_tmr)
    dhcp_network_changed                     0x08004c01   Thumb Code    80  dhcp.o(i.dhcp_network_changed)
    dhcp_release                             0x08004e7d   Thumb Code   178  dhcp.o(i.dhcp_release)
    dhcp_renew                               0x08004f35   Thumb Code   150  dhcp.o(i.dhcp_renew)
    do_connect                               0x08005361   Thumb Code   198  api_msg.o(i.do_connect)
    do_delconn                               0x080054ab   Thumb Code   194  api_msg.o(i.do_delconn)
    do_disconnect                            0x0800556d   Thumb Code    46  api_msg.o(i.do_disconnect)
    do_getaddr                               0x0800559b   Thumb Code   178  api_msg.o(i.do_getaddr)
    do_newconn                               0x0800564d   Thumb Code    32  api_msg.o(i.do_newconn)
    do_recv                                  0x0800566d   Thumb Code   104  api_msg.o(i.do_recv)
    do_send                                  0x080056d5   Thumb Code   166  api_msg.o(i.do_send)
    do_write                                 0x0800577b   Thumb Code   106  api_msg.o(i.do_write)
    etharp_cleanup_netif                     0x08005b05   Thumb Code    52  etharp.o(i.etharp_cleanup_netif)
    etharp_output                            0x08005d31   Thumb Code   324  etharp.o(i.etharp_output)
    etharp_query                             0x08005f11   Thumb Code   362  etharp.o(i.etharp_query)
    etharp_request                           0x08006141   Thumb Code    40  etharp.o(i.etharp_request)
    etharp_tmr                               0x080061ad   Thumb Code   144  etharp.o(i.etharp_tmr)
    ethernet_input                           0x08006305   Thumb Code   182  etharp.o(i.ethernet_input)
    ethernetif_init                          0x080063c1   Thumb Code    50  ethernetif.o(i.ethernetif_init)
    fputc                                    0x08006585   Thumb Code    32  uart.o(i.fputc)
    icmp_dest_unreach                        0x080066b9   Thumb Code    18  icmp.o(i.icmp_dest_unreach)
    icmp_input                               0x080066cd   Thumb Code   380  icmp.o(i.icmp_input)
    inet_chksum                              0x080068d9   Thumb Code    20  inet_chksum.o(i.inet_chksum)
    inet_chksum_pbuf                         0x080068ed   Thumb Code    86  inet_chksum.o(i.inet_chksum_pbuf)
    ip4_addr_isbroadcast                     0x08006943   Thumb Code    78  ip_addr.o(i.ip4_addr_isbroadcast)
    ip_input                                 0x08006991   Thumb Code   478  ip.o(i.ip_input)
    ip_output                                0x08006b85   Thumb Code    60  ip.o(i.ip_output)
    ip_output_if                             0x08006bc1   Thumb Code   194  ip.o(i.ip_output_if)
    ip_route                                 0x08006ccd   Thumb Code    80  ip.o(i.ip_route)
    ipaddr_addr                              0x08006d25   Thumb Code    24  ip_addr.o(i.ipaddr_addr)
    ipaddr_aton                              0x08006d3d   Thumb Code   348  ip_addr.o(i.ipaddr_aton)
    lwip_close                               0x08007189   Thumb Code    90  sockets.o(i.lwip_close)
    lwip_connect                             0x08007249   Thumb Code   382  sockets.o(i.lwip_connect)
    lwip_htonl                               0x080074b9   Thumb Code    26  def.o(i.lwip_htonl)
    lwip_htons                               0x080074d3   Thumb Code    12  def.o(i.lwip_htons)
    lwip_init                                0x080074df   Thumb Code    36  init.o(i.lwip_init)
    lwip_ntohl                               0x08007503   Thumb Code    12  def.o(i.lwip_ntohl)
    lwip_ntohs                               0x0800750f   Thumb Code    12  def.o(i.lwip_ntohs)
    lwip_recv                                0x0800751b   Thumb Code    34  sockets.o(i.lwip_recv)
    lwip_recvfrom                            0x0800753d   Thumb Code  1524  sockets.o(i.lwip_recvfrom)
    lwip_select                              0x08007b81   Thumb Code   764  sockets.o(i.lwip_select)
    lwip_send                                0x080081dd   Thumb Code   210  sockets.o(i.lwip_send)
    lwip_sendto                              0x0800835d   Thumb Code   356  sockets.o(i.lwip_sendto)
    lwip_socket                              0x0800856d   Thumb Code   338  sockets.o(i.lwip_socket)
    lwip_socket_init                         0x080087ed   Thumb Code     2  sockets.o(i.lwip_socket_init)
    lwip_strerr                              0x0800884d   Thumb Code    12  err.o(i.lwip_strerr)
    lwip_write                               0x0800885d   Thumb Code    22  sockets.o(i.lwip_write)
    main                                     0x08008875   Thumb Code   100  main.o(i.main)
    mem_free                                 0x08008a65   Thumb Code    90  mem.o(i.mem_free)
    mem_init                                 0x08008ad1   Thumb Code    90  mem.o(i.mem_init)
    mem_malloc                               0x08008b41   Thumb Code   258  mem.o(i.mem_malloc)
    mem_trim                                 0x08008c55   Thumb Code   270  mem.o(i.mem_trim)
    memp_free                                0x08008d75   Thumb Code    28  memp.o(i.memp_free)
    memp_init                                0x08008d95   Thumb Code    82  memp.o(i.memp_init)
    memp_malloc                              0x08008df9   Thumb Code    44  memp.o(i.memp_malloc)
    mqtt_pktype_ctl                          0x08008e29   Thumb Code   284  mqttclient.o(i.mqtt_pktype_ctl)
    mqtt_thread                              0x08008f49   Thumb Code   412  mqttclient.o(i.mqtt_thread)
    my_mqtt_send_pingreq                     0x080092b9   Thumb Code   152  mqttclient.o(i.my_mqtt_send_pingreq)
    netbuf_delete                            0x08009355   Thumb Code    32  netbuf.o(i.netbuf_delete)
    netbuf_free                              0x08009375   Thumb Code    32  netbuf.o(i.netbuf_free)
    netbuf_ref                               0x08009395   Thumb Code    74  netbuf.o(i.netbuf_ref)
    netconn_alloc                            0x080093df   Thumb Code   150  api_msg.o(i.netconn_alloc)
    netconn_connect                          0x08009475   Thumb Code    64  api_lib.o(i.netconn_connect)
    netconn_delete                           0x080094b9   Thumb Code    36  api_lib.o(i.netconn_delete)
    netconn_disconnect                       0x080094e1   Thumb Code    54  api_lib.o(i.netconn_disconnect)
    netconn_free                             0x080095d5   Thumb Code    58  api_msg.o(i.netconn_free)
    netconn_getaddr                          0x08009611   Thumb Code    96  api_lib.o(i.netconn_getaddr)
    netconn_new_with_proto_and_callback      0x08009675   Thumb Code   114  api_lib.o(i.netconn_new_with_proto_and_callback)
    netconn_recv                             0x080096ed   Thumb Code   156  api_lib.o(i.netconn_recv)
    netconn_recv_tcp_pbuf                    0x08009869   Thumb Code    34  api_lib.o(i.netconn_recv_tcp_pbuf)
    netconn_recved                           0x0800988d   Thumb Code    44  api_lib.o(i.netconn_recved)
    netconn_send                             0x080098bd   Thumb Code    62  api_lib.o(i.netconn_send)
    netconn_write_partly                     0x08009901   Thumb Code   152  api_lib.o(i.netconn_write_partly)
    netif_add                                0x0800999d   Thumb Code   132  netif.o(i.netif_add)
    netif_init                               0x08009a29   Thumb Code     2  netif.o(i.netif_init)
    netif_set_addr                           0x08009a2b   Thumb Code    40  netif.o(i.netif_set_addr)
    netif_set_default                        0x08009a55   Thumb Code    10  netif.o(i.netif_set_default)
    netif_set_down                           0x08009a65   Thumb Code    42  netif.o(i.netif_set_down)
    netif_set_gw                             0x08009a8f   Thumb Code    16  netif.o(i.netif_set_gw)
    netif_set_ipaddr                         0x08009aa1   Thumb Code   124  netif.o(i.netif_set_ipaddr)
    netif_set_link_callback                  0x08009b25   Thumb Code     6  netif.o(i.netif_set_link_callback)
    netif_set_link_down                      0x08009b2b   Thumb Code    42  netif.o(i.netif_set_link_down)
    netif_set_link_up                        0x08009b55   Thumb Code    80  netif.o(i.netif_set_link_up)
    netif_set_netmask                        0x08009ba5   Thumb Code    16  netif.o(i.netif_set_netmask)
    netif_set_up                             0x08009bb5   Thumb Code    54  netif.o(i.netif_set_up)
    pbuf_alloc                               0x08009beb   Thumb Code   418  pbuf.o(i.pbuf_alloc)
    pbuf_cat                                 0x08009d8d   Thumb Code    56  pbuf.o(i.pbuf_cat)
    pbuf_chain                               0x08009dc5   Thumb Code    26  pbuf.o(i.pbuf_chain)
    pbuf_clen                                0x08009ddf   Thumb Code    18  pbuf.o(i.pbuf_clen)
    pbuf_copy                                0x08009df1   Thumb Code   200  pbuf.o(i.pbuf_copy)
    pbuf_copy_partial                        0x08009eb9   Thumb Code   146  pbuf.o(i.pbuf_copy_partial)
    pbuf_free                                0x08009f4b   Thumb Code   126  pbuf.o(i.pbuf_free)
    pbuf_header                              0x08009fc9   Thumb Code   134  pbuf.o(i.pbuf_header)
    pbuf_realloc                             0x0800a04f   Thumb Code   120  pbuf.o(i.pbuf_realloc)
    pbuf_ref                                 0x0800a0c7   Thumb Code    10  pbuf.o(i.pbuf_ref)
    pvPortMalloc                             0x0800a651   Thumb Code   140  heap_4.o(i.pvPortMalloc)
    pxPortInitialiseStack                    0x0800a6e9   Thumb Code    26  port.o(i.pxPortInitialiseStack)
    raw_connect                              0x0800a703   Thumb Code    16  raw.o(i.raw_connect)
    raw_input                                0x0800a715   Thumb Code   102  raw.o(i.raw_input)
    raw_new                                  0x0800a789   Thumb Code    46  raw.o(i.raw_new)
    raw_recv                                 0x0800a7bd   Thumb Code     6  raw.o(i.raw_recv)
    raw_remove                               0x0800a7c5   Thumb Code    60  raw.o(i.raw_remove)
    raw_send                                 0x0800a805   Thumb Code    18  raw.o(i.raw_send)
    raw_sendto                               0x0800a817   Thumb Code   172  raw.o(i.raw_sendto)
    readChar                                 0x0800a8c3   Thumb Code    14  mqttpacket.o(i.readChar)
    readInt                                  0x0800a8d1   Thumb Code    26  mqttpacket.o(i.readInt)
    readMQTTLenString                        0x0800a8eb   Thumb Code    58  mqttpacket.o(i.readMQTTLenString)
    sys_arch_mbox_fetch                      0x0800ab6d   Thumb Code    98  sys_arch.o(i.sys_arch_mbox_fetch)
    sys_arch_mbox_tryfetch                   0x0800abcf   Thumb Code    36  sys_arch.o(i.sys_arch_mbox_tryfetch)
    sys_arch_sem_wait                        0x0800abf3   Thumb Code    86  sys_arch.o(i.sys_arch_sem_wait)
    sys_init                                 0x0800ac49   Thumb Code     8  sys_arch.o(i.sys_init)
    sys_mbox_free                            0x0800ac55   Thumb Code    18  sys_arch.o(i.sys_mbox_free)
    sys_mbox_new                             0x0800ac67   Thumb Code    32  sys_arch.o(i.sys_mbox_new)
    sys_mbox_post                            0x0800ac87   Thumb Code    24  sys_arch.o(i.sys_mbox_post)
    sys_mbox_set_invalid                     0x0800ac9f   Thumb Code     6  sys_arch.o(i.sys_mbox_set_invalid)
    sys_mbox_trypost                         0x0800aca5   Thumb Code    32  sys_arch.o(i.sys_mbox_trypost)
    sys_mbox_valid                           0x0800acc5   Thumb Code    14  sys_arch.o(i.sys_mbox_valid)
    sys_sem_free                             0x0800acd3   Thumb Code    12  sys_arch.o(i.sys_sem_free)
    sys_sem_new                              0x0800acdf   Thumb Code    62  sys_arch.o(i.sys_sem_new)
    sys_sem_set_invalid                      0x0800ad1d   Thumb Code     6  sys_arch.o(i.sys_sem_set_invalid)
    sys_sem_signal                           0x0800ad23   Thumb Code    18  sys_arch.o(i.sys_sem_signal)
    sys_sem_valid                            0x0800ad35   Thumb Code    14  sys_arch.o(i.sys_sem_valid)
    sys_thread_new                           0x0800ad45   Thumb Code    76  sys_arch.o(i.sys_thread_new)
    sys_timeout                              0x0800ad95   Thumb Code   152  timers.o(i.sys_timeout)
    sys_timeouts_init                        0x0800ae31   Thumb Code    40  timers.o(i.sys_timeouts_init)
    sys_timeouts_mbox_fetch                  0x0800ae65   Thumb Code   132  timers.o(i.sys_timeouts_mbox_fetch)
    sys_untimeout                            0x0800aeed   Thumb Code    90  timers.o(i.sys_untimeout)
    tcp_abandon                              0x0800af4d   Thumb Code   140  tcp.o(i.tcp_abandon)
    tcp_abort                                0x0800afe5   Thumb Code    14  tcp.o(i.tcp_abort)
    tcp_accept                               0x0800aff3   Thumb Code     4  tcp.o(i.tcp_accept)
    tcp_alloc                                0x0800aff9   Thumb Code   226  tcp.o(i.tcp_alloc)
    tcp_arg                                  0x0800b1a9   Thumb Code     4  tcp.o(i.tcp_arg)
    tcp_close                                0x0800b1ad   Thumb Code    58  tcp.o(i.tcp_close)
    tcp_connect                              0x0800b419   Thumb Code   350  tcp.o(i.tcp_connect)
    tcp_debug_print_state                    0x0800b781   Thumb Code    36  tcp.o(i.tcp_debug_print_state)
    tcp_eff_send_mss                         0x0800b805   Thumb Code    46  tcp.o(i.tcp_eff_send_mss)
    tcp_enqueue_flags                        0x0800b835   Thumb Code   416  tcp_out.o(i.tcp_enqueue_flags)
    tcp_err                                  0x0800bab9   Thumb Code    10  tcp.o(i.tcp_err)
    tcp_fasttmr                              0x0800bac5   Thumb Code   136  tcp.o(i.tcp_fasttmr)
    tcp_init                                 0x0800bbc5   Thumb Code     2  tcp.o(i.tcp_init)
    tcp_input                                0x0800bbc9   Thumb Code  1156  tcp_in.o(i.tcp_input)
    tcp_keepalive                            0x0800c065   Thumb Code   192  tcp_out.o(i.tcp_keepalive)
    tcp_new                                  0x0800c669   Thumb Code    10  tcp.o(i.tcp_new)
    tcp_next_iss                             0x0800c6dd   Thumb Code    20  tcp.o(i.tcp_next_iss)
    tcp_output                               0x0800c6f9   Thumb Code   674  tcp_out.o(i.tcp_output)
    tcp_pcb_purge                            0x0800cdb9   Thumb Code   232  tcp.o(i.tcp_pcb_purge)
    tcp_pcb_remove                           0x0800cf7d   Thumb Code   144  tcp.o(i.tcp_pcb_remove)
    tcp_pcbs_sane                            0x0800d011   Thumb Code    44  tcp.o(i.tcp_pcbs_sane)
    tcp_poll                                 0x0800d045   Thumb Code    14  tcp.o(i.tcp_poll)
    tcp_process_refused_data                 0x0800d849   Thumb Code   148  tcp.o(i.tcp_process_refused_data)
    tcp_recv                                 0x0800e029   Thumb Code     8  tcp.o(i.tcp_recv)
    tcp_recv_null                            0x0800e031   Thumb Code    46  tcp.o(i.tcp_recv_null)
    tcp_recved                               0x0800e061   Thumb Code   106  tcp.o(i.tcp_recved)
    tcp_rexmit                               0x0800e151   Thumb Code    90  tcp_out.o(i.tcp_rexmit)
    tcp_rexmit_fast                          0x0800e1ab   Thumb Code   120  tcp_out.o(i.tcp_rexmit_fast)
    tcp_rexmit_rto                           0x0800e223   Thumb Code    58  tcp_out.o(i.tcp_rexmit_rto)
    tcp_rst                                  0x0800e25d   Thumb Code   154  tcp_out.o(i.tcp_rst)
    tcp_seg_free                             0x0800e37d   Thumb Code    30  tcp.o(i.tcp_seg_free)
    tcp_segs_free                            0x0800e39b   Thumb Code    24  tcp.o(i.tcp_segs_free)
    tcp_send_empty_ack                       0x0800e3b5   Thumb Code   130  tcp_out.o(i.tcp_send_empty_ack)
    tcp_send_fin                             0x0800e4d9   Thumb Code    74  tcp_out.o(i.tcp_send_fin)
    tcp_sent                                 0x0800e523   Thumb Code     8  tcp.o(i.tcp_sent)
    tcp_shutdown                             0x0800e52b   Thumb Code    98  tcp.o(i.tcp_shutdown)
    tcp_slowtmr                              0x0800e58d   Thumb Code  1478  tcp.o(i.tcp_slowtmr)
    tcp_timer_needed                         0x0800eb5d   Thumb Code    38  timers.o(i.tcp_timer_needed)
    tcp_tmr                                  0x0800ec41   Thumb Code    30  tcp.o(i.tcp_tmr)
    tcp_update_rcv_ann_wnd                   0x0800ec65   Thumb Code    78  tcp.o(i.tcp_update_rcv_ann_wnd)
    tcp_write                                0x0800ecb5   Thumb Code  1580  tcp_out.o(i.tcp_write)
    tcp_zero_window_probe                    0x0800f489   Thumb Code   288  tcp_out.o(i.tcp_zero_window_probe)
    tcpip_apimsg                             0x0800f661   Thumb Code    60  tcpip.o(i.tcpip_apimsg)
    tcpip_init                               0x0800f6a1   Thumb Code    52  tcpip.o(i.tcpip_init)
    tcpip_input                              0x0800f6ed   Thumb Code    72  tcpip.o(i.tcpip_input)
    transport_close                          0x0800f855   Thumb Code    16  transport.o(i.transport_close)
    transport_getdata                        0x0800f869   Thumb Code    26  transport.o(i.transport_getdata)
    transport_open                           0x0800f889   Thumb Code   106  transport.o(i.transport_open)
    transport_sendPacketBuffer               0x0800f90d   Thumb Code    24  transport.o(i.transport_sendPacketBuffer)
    udp_bind                                 0x0800f959   Thumb Code   146  udp.o(i.udp_bind)
    udp_connect                              0x0800f9f1   Thumb Code    98  udp.o(i.udp_connect)
    udp_disconnect                           0x0800fa59   Thumb Code    16  udp.o(i.udp_disconnect)
    udp_init                                 0x0800fa69   Thumb Code     2  udp.o(i.udp_init)
    udp_input                                0x0800fa6d   Thumb Code   470  udp.o(i.udp_input)
    udp_new                                  0x0800fc51   Thumb Code    28  udp.o(i.udp_new)
    udp_recv                                 0x0800fcc5   Thumb Code     6  udp.o(i.udp_recv)
    udp_remove                               0x0800fccd   Thumb Code    60  udp.o(i.udp_remove)
    udp_send                                 0x0800fd0d   Thumb Code    20  udp.o(i.udp_send)
    udp_sendto                               0x0800fd21   Thumb Code    54  udp.o(i.udp_sendto)
    udp_sendto_if                            0x0800fd57   Thumb Code   240  udp.o(i.udp_sendto_if)
    uxListRemove                             0x0800fe47   Thumb Code    40  list.o(i.uxListRemove)
    uxQueueMessagesWaiting                   0x0800fe6f   Thumb Code    28  queue.o(i.uxQueueMessagesWaiting)
    vEthLinkChkTask                          0x0800fe8d   Thumb Code    74  stm32f4x7_eth_bsp.o(i.vEthLinkChkTask)
    vListInitialise                          0x0800ff35   Thumb Code    26  list.o(i.vListInitialise)
    vListInitialiseItem                      0x0800ff4f   Thumb Code     6  list.o(i.vListInitialiseItem)
    vListInsert                              0x0800ff55   Thumb Code    52  list.o(i.vListInsert)
    vListInsertEnd                           0x0800ff89   Thumb Code    28  list.o(i.vListInsertEnd)
    vPortEnterCritical                       0x0800ffa5   Thumb Code    18  port.o(i.vPortEnterCritical)
    vPortExitCritical                        0x0800ffbd   Thumb Code    26  port.o(i.vPortExitCritical)
    vPortFree                                0x0800ffdd   Thumb Code    40  heap_4.o(i.vPortFree)
    vPortSetupTimerInterrupt                 0x08010009   Thumb Code    26  port.o(i.vPortSetupTimerInterrupt)
    vPortYieldFromISR                        0x08010029   Thumb Code    10  port.o(i.vPortYieldFromISR)
    vQueueDelete                             0x08010039   Thumb Code    34  queue.o(i.vQueueDelete)
    vTaskDelay                               0x08010089   Thumb Code    48  tasks.o(i.vTaskDelay)
    vTaskDelete                              0x080100c1   Thumb Code    94  tasks.o(i.vTaskDelete)
    vTaskIncrementTick                       0x08010135   Thumb Code   254  tasks.o(i.vTaskIncrementTick)
    vTaskMissedYield                         0x08010259   Thumb Code     8  tasks.o(i.vTaskMissedYield)
    vTaskPlaceOnEventList                    0x08010265   Thumb Code    52  tasks.o(i.vTaskPlaceOnEventList)
    vTaskPriorityDisinherit                  0x080102a1   Thumb Code    70  tasks.o(i.vTaskPriorityDisinherit)
    vTaskPriorityInherit                     0x080102f1   Thumb Code   118  tasks.o(i.vTaskPriorityInherit)
    vTaskSetTimeOutState                     0x08010375   Thumb Code    28  tasks.o(i.vTaskSetTimeOutState)
    vTaskStartScheduler                      0x08010399   Thumb Code    62  tasks.o(i.vTaskStartScheduler)
    vTaskSuspendAll                          0x080103ed   Thumb Code    12  tasks.o(i.vTaskSuspendAll)
    vTaskSwitchContext                       0x080103fd   Thumb Code   108  tasks.o(i.vTaskSwitchContext)
    writeCString                             0x0801047d   Thumb Code    40  mqttpacket.o(i.writeCString)
    writeChar                                0x080104a5   Thumb Code    12  mqttpacket.o(i.writeChar)
    writeInt                                 0x080104b1   Thumb Code    48  mqttpacket.o(i.writeInt)
    writeMQTTString                          0x080104e1   Thumb Code    62  mqttpacket.o(i.writeMQTTString)
    xPortStartScheduler                      0x08010521   Thumb Code    42  port.o(i.xPortStartScheduler)
    xPortSysTickHandler                      0x08010555   Thumb Code    26  port.o(i.xPortSysTickHandler)
    xQueueGenericCreate                      0x08010575   Thumb Code    92  queue.o(i.xQueueGenericCreate)
    xQueueGenericReceive                     0x080105d1   Thumb Code   314  queue.o(i.xQueueGenericReceive)
    xQueueGenericReset                       0x0801070b   Thumb Code   118  queue.o(i.xQueueGenericReset)
    xQueueGenericSend                        0x08010781   Thumb Code   238  queue.o(i.xQueueGenericSend)
    xQueueGenericSendFromISR                 0x0801086f   Thumb Code   128  queue.o(i.xQueueGenericSendFromISR)
    xTaskCheckForTimeOut                     0x080108f1   Thumb Code   102  tasks.o(i.xTaskCheckForTimeOut)
    xTaskGenericCreate                       0x08010961   Thumb Code   328  tasks.o(i.xTaskGenericCreate)
    xTaskGetCurrentTaskHandle                0x08010ac5   Thumb Code     6  tasks.o(i.xTaskGetCurrentTaskHandle)
    xTaskGetTickCount                        0x08010ad1   Thumb Code    18  tasks.o(i.xTaskGetTickCount)
    xTaskRemoveFromEventList                 0x08010ae9   Thumb Code   106  tasks.o(i.xTaskRemoveFromEventList)
    xTaskResumeAll                           0x08010b69   Thumb Code   202  tasks.o(i.xTaskResumeAll)
    tcp_state_str                            0x08010e40   Data          44  tcp.o(.constdata)
    tcp_backoff                              0x08010e6c   Data          13  tcp.o(.constdata)
    tcp_persist_backoff                      0x08010e79   Data           7  tcp.o(.constdata)
    tcp_pcb_lists                            0x08010e80   Data          16  tcp.o(.constdata)
    ip_addr_any                              0x08011070   Data           4  ip_addr.o(.constdata)
    ip_addr_broadcast                        0x08011074   Data           4  ip_addr.o(.constdata)
    ethbroadcast                             0x08011078   Data           6  etharp.o(.constdata)
    ethzero                                  0x0801107e   Data           6  etharp.o(.constdata)
    GPIO_PIN                                 0x08011130   Data           8  stm324x7i_eval.o(.constdata)
    GPIO_CLK                                 0x08011138   Data          16  stm324x7i_eval.o(.constdata)
    BUTTON_PIN                               0x08011148   Data           6  stm324x7i_eval.o(.constdata)
    BUTTON_CLK                               0x08011150   Data          12  stm324x7i_eval.o(.constdata)
    BUTTON_EXTI_LINE                         0x0801115c   Data           6  stm324x7i_eval.o(.constdata)
    BUTTON_PORT_SOURCE                       0x08011162   Data           6  stm324x7i_eval.o(.constdata)
    BUTTON_PIN_SOURCE                        0x08011168   Data           6  stm324x7i_eval.o(.constdata)
    BUTTON_IRQn                              0x0801116e   Data           6  stm324x7i_eval.o(.constdata)
    COM_USART_CLK                            0x08011174   Data           4  stm324x7i_eval.o(.constdata)
    COM_TX_PORT_CLK                          0x08011178   Data           4  stm324x7i_eval.o(.constdata)
    COM_RX_PORT_CLK                          0x0801117c   Data           4  stm324x7i_eval.o(.constdata)
    COM_TX_PIN                               0x08011180   Data           2  stm324x7i_eval.o(.constdata)
    COM_RX_PIN                               0x08011182   Data           2  stm324x7i_eval.o(.constdata)
    COM_TX_PIN_SOURCE                        0x08011184   Data           2  stm324x7i_eval.o(.constdata)
    COM_RX_PIN_SOURCE                        0x08011186   Data           2  stm324x7i_eval.o(.constdata)
    COM_TX_AF                                0x08011188   Data           2  stm324x7i_eval.o(.constdata)
    COM_RX_AF                                0x0801118a   Data           2  stm324x7i_eval.o(.constdata)
    ASCII16x24_Table                         0x0801118c   Data        4560  stm324x7i_eval_lcd.o(.constdata)
    ASCII12x12_Table                         0x0801235c   Data        2304  stm324x7i_eval_lcd.o(.constdata)
    ASCII8x12_Table                          0x08012c5c   Data        2304  stm324x7i_eval_lcd.o(.constdata)
    ASCII8x8_Table                           0x0801355c   Data        1536  stm324x7i_eval_lcd.o(.constdata)
    Region$$Table$$Base                      0x08013eb8   Number         0  anon$$obj.o(Region$$Table)
    Region$$Table$$Limit                     0x08013ed8   Number         0  anon$$obj.o(Region$$Table)
    mem3base                                 0x10000000   Data       10240  malloc.o(.ARM.__AT_0x10000000)
    mem3mapbase                              0x10002800   Data         640  malloc.o(.ARM.__AT_0x10002800)
    SystemCoreClock                          0x20000000   Data           4  system_stm32f4xx.o(.data)
    AHBPrescTable                            0x20000004   Data          16  system_stm32f4xx.o(.data)
    EthStatus                                0x20000014   Data           4  stm32f4x7_eth_bsp.o(.data)
    ETH_link_xSemaphore                      0x20000018   Data           4  stm32f4x7_eth_bsp.o(.data)
    netif_list                               0x2000008c   Data           4  netif.o(.data)
    netif_default                            0x20000090   Data           4  netif.o(.data)
    tcp_ticks                                0x200000a0   Data           4  tcp.o(.data)
    tcp_bound_pcbs                           0x200000a4   Data           4  tcp.o(.data)
    tcp_listen_pcbs                          0x200000a8   Data           4  tcp.o(.data)
    tcp_active_pcbs                          0x200000ac   Data           4  tcp.o(.data)
    tcp_tw_pcbs                              0x200000b0   Data           4  tcp.o(.data)
    tcp_tmp_pcb                              0x200000b4   Data           4  tcp.o(.data)
    tcp_active_pcbs_changed                  0x200000b8   Data           1  tcp.o(.data)
    tcp_input_pcb                            0x200000dc   Data           4  tcp_in.o(.data)
    udp_pcbs                                 0x200000e4   Data           4  udp.o(.data)
    current_netif                            0x200000e8   Data           4  ip.o(.data)
    current_header                           0x200000ec   Data           4  ip.o(.data)
    current_iphdr_src                        0x200000f0   Data           4  ip.o(.data)
    current_iphdr_dest                       0x200000f4   Data           4  ip.o(.data)
    s_xSemaphore                             0x20000100   Data           4  ethernetif.o(.data)
    DMATxDescToSet                           0x20000124   Data           4  stm32f4x7_eth.o(.data)
    DMARxDescToGet                           0x20000128   Data           4  stm32f4x7_eth.o(.data)
    DMA_RX_FRAME_infos                       0x2000012c   Data           4  stm32f4x7_eth.o(.data)
    Frame_Rx_index                           0x20000130   Data           4  stm32f4x7_eth.o(.data)
    GPIO_PORT                                0x20000134   Data          16  stm324x7i_eval.o(.data)
    BUTTON_PORT                              0x20000144   Data          12  stm324x7i_eval.o(.data)
    COM_USART                                0x20000150   Data           4  stm324x7i_eval.o(.data)
    COM_TX_PORT                              0x20000154   Data           4  stm324x7i_eval.o(.data)
    COM_RX_PORT                              0x20000158   Data           4  stm324x7i_eval.o(.data)
    NVIC_InitStructure                       0x2000015c   Data           4  stm324x7i_eval.o(.data)
    Font16x24                                0x20000160   Data           8  stm324x7i_eval_lcd.o(.data)
    Font12x12                                0x20000168   Data           8  stm324x7i_eval_lcd.o(.data)
    Font8x12                                 0x20000170   Data           8  stm324x7i_eval_lcd.o(.data)
    Font8x8                                  0x20000178   Data           8  stm324x7i_eval_lcd.o(.data)
    TextColor                                0x20000184   Data           2  stm324x7i_eval_lcd.o(.data)
    BackColor                                0x20000186   Data           2  stm324x7i_eval_lcd.o(.data)
    pxCurrentTCB                             0x20000198   Data           4  tasks.o(.data)
    USART_RX_STA                             0x200001d8   Data           2  uart.o(.data)
    __stdout                                 0x200001e4   Data           4  stdout.o(.data)
    xnetif                                   0x200001e8   Data          56  netconf.o(.bss)
    ETH_InitStructure                        0x20000220   Data         188  stm32f4x7_eth_bsp.o(.bss)
    mqtt_user_msg                            0x200002dc   Data         364  mqttclient.o(.bss)
    ram_heap                                 0x200004a8   Data        5140  mem.o(.bss)
    DMARxDscrTab                             0x20005434   Data         128  stm32f4x7_eth.o(.bss)
    DMATxDscrTab                             0x200054b4   Data         128  stm32f4x7_eth.o(.bss)
    Rx_Buff                                  0x20005534   Data        6096  stm32f4x7_eth.o(.bss)
    Tx_Buff                                  0x20006d04   Data        6096  stm32f4x7_eth.o(.bss)
    RX_Frame_Descriptor                      0x200084d4   Data          12  stm32f4x7_eth.o(.bss)
    xQueueRegistry                           0x2000fe00   Data          64  queue.o(.bss)
    USART_RX_BUF                             0x2000fe40   Data         200  uart.o(.bss)
    __initial_sp                             0x20010f08   Data           0  startup_stm32f4xx.o(STACK)
    mem2base                                 0x68000000   Data       983040  malloc.o(.ARM.__AT_0x68000000)
    mem2mapbase                              0x680f0000   Data       61440  malloc.o(.ARM.__AT_0x680F0000)



==============================================================================

Memory Map of the image

  Image Entry point : 0x08000189

  Load Region LR_IROM1 (Base: 0x08000000, Size: 0x000140c0, Max: 0x00100000, ABSOLUTE, COMPRESSED[0x00013f78])

    Execution Region ER_IROM1 (Base: 0x08000000, Size: 0x00013ed8, Max: 0x00100000, ABSOLUTE)

    Base Addr    Size         Type   Attr      Idx    E Section Name        Object

    0x08000000   0x00000188   Data   RO          143    RESET               startup_stm32f4xx.o
    0x08000188   0x00000000   Code   RO        14107  * .ARM.Collect$$$$00000000  mc_w.l(entry.o)
    0x08000188   0x00000004   Code   RO        14440    .ARM.Collect$$$$00000001  mc_w.l(entry2.o)
    0x0800018c   0x00000004   Code   RO        14443    .ARM.Collect$$$$00000004  mc_w.l(entry5.o)
    0x08000190   0x00000000   Code   RO        14445    .ARM.Collect$$$$00000008  mc_w.l(entry7b.o)
    0x08000190   0x00000000   Code   RO        14447    .ARM.Collect$$$$0000000A  mc_w.l(entry8b.o)
    0x08000190   0x00000008   Code   RO        14448    .ARM.Collect$$$$0000000B  mc_w.l(entry9a.o)
    0x08000198   0x00000000   Code   RO        14450    .ARM.Collect$$$$0000000D  mc_w.l(entry10a.o)
    0x08000198   0x00000000   Code   RO        14452    .ARM.Collect$$$$0000000F  mc_w.l(entry11a.o)
    0x08000198   0x00000004   Code   RO        14441    .ARM.Collect$$$$00002712  mc_w.l(entry2.o)
    0x0800019c   0x00000084   Code   RO         6435    .emb_text           port.o
    0x08000220   0x00000024   Code   RO          144    .text               startup_stm32f4xx.o
    0x08000244   0x00000062   Code   RO        14110    .text               mc_w.l(uldiv.o)
    0x080002a6   0x0000001e   Code   RO        14112    .text               mc_w.l(llshl.o)
    0x080002c4   0x00000040   Code   RO        14119    .text               mc_w.l(memmovea.o)
    0x08000304   0x00000024   Code   RO        14121    .text               mc_w.l(memseta.o)
    0x08000328   0x00000018   Code   RO        14127    .text               mc_w.l(strncpy.o)
    0x08000340   0x0000000e   Code   RO        14129    .text               mc_w.l(strlen.o)
    0x0800034e   0x0000001a   Code   RO        14133    .text               mc_w.l(memcmp.o)
    0x08000368   0x00000030   Code   RO        14438    .text               mf_w.l(cdrcmple.o)
    0x08000398   0x0000002c   Code   RO        14455    .text               mc_w.l(uidiv.o)
    0x080003c4   0x00000020   Code   RO        14457    .text               mc_w.l(llushr.o)
    0x080003e4   0x00000000   Code   RO        14461    .text               mc_w.l(iusefp.o)
    0x080003e4   0x000000ba   Code   RO        14462    .text               mf_w.l(depilogue.o)
    0x0800049e   0x0000014e   Code   RO        14464    .text               mf_w.l(dadd.o)
    0x080005ec   0x000000e4   Code   RO        14466    .text               mf_w.l(dmul.o)
    0x080006d0   0x000000de   Code   RO        14468    .text               mf_w.l(ddiv.o)
    0x080007ae   0x00000030   Code   RO        14470    .text               mf_w.l(dfixul.o)
    0x080007de   0x00000002   PAD
    0x080007e0   0x00000024   Code   RO        14472    .text               mc_w.l(init.o)
    0x08000804   0x00000024   Code   RO        14474    .text               mc_w.l(llsshr.o)
    0x08000828   0x00000056   Code   RO        14484    .text               mc_w.l(__dczerorl2.o)
    0x0800087e   0x00000018   Code   RO          150    i.Beep              main.o
    0x08000896   0x00000004   Code   RO          505    i.BusFault_Handler  stm32f4xx_it.o
    0x0800089a   0x00000002   Code   RO          506    i.DebugMon_Handler  stm32f4xx_it.o
    0x0800089c   0x0000000c   Code   RO          151    i.Delay             main.o
    0x080008a8   0x00000054   Code   RO          415    i.ETH_BSP_Config    stm32f4x7_eth_bsp.o
    0x080008fc   0x0000000c   Code   RO         5023    i.ETH_DMAClearITPendingBit  stm32f4x7_eth.o
    0x08000908   0x00000020   Code   RO         5024    i.ETH_DMAITConfig   stm32f4x7_eth.o
    0x08000928   0x00000024   Code   RO         5025    i.ETH_DMAReceptionCmd  stm32f4x7_eth.o
    0x0800094c   0x00000064   Code   RO         5026    i.ETH_DMARxDescChainInit  stm32f4x7_eth.o
    0x080009b0   0x00000016   Code   RO         5027    i.ETH_DMARxDescReceiveITConfig  stm32f4x7_eth.o
    0x080009c6   0x00000002   PAD
    0x080009c8   0x00000024   Code   RO         5028    i.ETH_DMATransmissionCmd  stm32f4x7_eth.o
    0x080009ec   0x00000050   Code   RO         5031    i.ETH_DMATxDescChainInit  stm32f4x7_eth.o
    0x08000a3c   0x00000008   Code   RO         5032    i.ETH_DMATxDescChecksumInsertionConfig  stm32f4x7_eth.o
    0x08000a44   0x00000016   Code   RO         5037    i.ETH_DeInit        stm32f4x7_eth.o
    0x08000a5a   0x00000002   PAD
    0x08000a5c   0x0000002c   Code   RO         5039    i.ETH_FlushTransmitFIFO  stm32f4x7_eth.o
    0x08000a88   0x00000118   Code   RO          416    i.ETH_GPIO_Config   stm32f4x7_eth_bsp.o
    0x08000ba0   0x00000018   Code   RO         5045    i.ETH_GetDMAFlagStatus  stm32f4x7_eth.o
    0x08000bb8   0x00000018   Code   RO         5065    i.ETH_GetSoftwareResetStatus  stm32f4x7_eth.o
    0x08000bd0   0x00000118   Code   RO         5068    i.ETH_Get_Received_Frame_interrupt  stm32f4x7_eth.o
    0x08000ce8   0x00000040   Code   RO          507    i.ETH_IRQHandler    stm32f4xx_it.o
    0x08000d28   0x00000314   Code   RO         5070    i.ETH_Init          stm32f4x7_eth.o
    0x0800103c   0x00000034   Code   RO         5072    i.ETH_MACAddressConfig  stm32f4x7_eth.o
    0x08001070   0x000000ac   Code   RO          417    i.ETH_MACDMA_Config  stm32f4x7_eth_bsp.o
    0x0800111c   0x0000003c   Code   RO         5077    i.ETH_MACReceptionCmd  stm32f4x7_eth.o
    0x08001158   0x0000003c   Code   RO         5078    i.ETH_MACTransmissionCmd  stm32f4x7_eth.o
    0x08001194   0x00000010   Code   RO          418    i.ETH_NRST_PIN_HIGH  stm32f4x7_eth_bsp.o
    0x080011a4   0x00000010   Code   RO          419    i.ETH_NRST_PIN_LOW  stm32f4x7_eth_bsp.o
    0x080011b4   0x00000022   Code   RO          420    i.ETH_NVIC_Config   stm32f4x7_eth_bsp.o
    0x080011d6   0x00000002   PAD
    0x080011d8   0x000000cc   Code   RO         5089    i.ETH_Prepare_Transmit_Descriptors  stm32f4x7_eth.o
    0x080012a4   0x0000006c   Code   RO         5090    i.ETH_ReadPHYRegister  stm32f4x7_eth.o
    0x08001310   0x00000014   Code   RO         5098    i.ETH_SoftwareReset  stm32f4x7_eth.o
    0x08001324   0x00000020   Code   RO         5099    i.ETH_Start         stm32f4x7_eth.o
    0x08001344   0x00000020   Code   RO         5100    i.ETH_Stop          stm32f4x7_eth.o
    0x08001364   0x000000b2   Code   RO         5101    i.ETH_StructInit    stm32f4x7_eth.o
    0x08001416   0x00000002   PAD
    0x08001418   0x00000068   Code   RO         5103    i.ETH_WritePHYRegister  stm32f4x7_eth.o
    0x08001480   0x000002c0   Code   RO          421    i.ETH_link_callback  stm32f4x7_eth_bsp.o
    0x08001740   0x0000001e   Code   RO          508    i.EXTI15_10_IRQHandler  stm32f4xx_it.o
    0x0800175e   0x00000002   PAD
    0x08001760   0x0000000c   Code   RO         3773    i.EXTI_ClearITPendingBit  stm32f4xx_exti.o
    0x0800176c   0x00000028   Code   RO         3777    i.EXTI_GetITStatus  stm32f4xx_exti.o
    0x08001794   0x00000034   Code   RO         4051    i.FSMC_NORSRAMCmd   stm32f4xx_fsmc.o
    0x080017c8   0x000000e6   Code   RO         4053    i.FSMC_NORSRAMInit  stm32f4xx_fsmc.o
    0x080018ae   0x00000002   PAD
    0x080018b0   0x000002cc   Code   RO         6497    i.FSMC_SRAM_Init    sram.o
    0x08001b7c   0x00000090   Code   RO         4169    i.GPIO_Init         stm32f4xx_gpio.o
    0x08001c0c   0x00000046   Code   RO         4170    i.GPIO_PinAFConfig  stm32f4xx_gpio.o
    0x08001c52   0x00000004   Code   RO         4176    i.GPIO_ResetBits    stm32f4xx_gpio.o
    0x08001c56   0x00000004   Code   RO         4177    i.GPIO_SetBits      stm32f4xx_gpio.o
    0x08001c5a   0x00000002   PAD
    0x08001c5c   0x00000014   Code   RO          701    i.GetNextPackID     mqttclient.o
    0x08001c70   0x00000004   Code   RO          509    i.HardFault_Handler  stm32f4xx_it.o
    0x08001c74   0x00000028   Code   RO         5648    i.LCD_Clear         stm324x7i_eval_lcd.o
    0x08001c9c   0x00000034   Code   RO         5649    i.LCD_ClearLine     stm324x7i_eval_lcd.o
    0x08001cd0   0x00000130   Code   RO         5652    i.LCD_CtrlLinesConfig  stm324x7i_eval_lcd.o
    0x08001e00   0x00000030   Code   RO         5654    i.LCD_DisplayChar   stm324x7i_eval_lcd.o
    0x08001e30   0x0000004c   Code   RO         5657    i.LCD_DisplayStringLine  stm324x7i_eval_lcd.o
    0x08001e7c   0x000000ac   Code   RO         5658    i.LCD_DrawChar      stm324x7i_eval_lcd.o
    0x08001f28   0x00000062   Code   RO         5666    i.LCD_FSMCConfig    stm324x7i_eval_lcd.o
    0x08001f8a   0x00000002   PAD
    0x08001f8c   0x0000000c   Code   RO         5669    i.LCD_GetFont       stm324x7i_eval_lcd.o
    0x08001f98   0x0000041c   Code   RO         5670    i.LCD_Init          stm324x7i_eval_lcd.o
    0x080023b4   0x000000dc   Code   RO          152    i.LCD_LED_Init      main.o
    0x08002490   0x0000000c   Code   RO         5676    i.LCD_ReadReg       stm324x7i_eval_lcd.o
    0x0800249c   0x00000010   Code   RO         5677    i.LCD_SetBackColor  stm324x7i_eval_lcd.o
    0x080024ac   0x00000018   Code   RO         5679    i.LCD_SetCursor     stm324x7i_eval_lcd.o
    0x080024c4   0x0000000c   Code   RO         5681    i.LCD_SetFont       stm324x7i_eval_lcd.o
    0x080024d0   0x00000010   Code   RO         5682    i.LCD_SetTextColor  stm324x7i_eval_lcd.o
    0x080024e0   0x00000008   Code   RO         5685    i.LCD_WriteRAM      stm324x7i_eval_lcd.o
    0x080024e8   0x0000000a   Code   RO         5686    i.LCD_WriteRAM_Prepare  stm324x7i_eval_lcd.o
    0x080024f2   0x0000000a   Code   RO         5687    i.LCD_WriteReg      stm324x7i_eval_lcd.o
    0x080024fc   0x00000198   Code   RO          352    i.LwIP_Init         netconf.o
    0x08002694   0x00000114   Code   RO          702    i.MQTTClientInit    mqttclient.o
    0x080027a8   0x0000006c   Code   RO        13738    i.MQTTDeserialize_ack  mqttdeserializepublish.o
    0x08002814   0x00000076   Code   RO        13672    i.MQTTDeserialize_connack  mqttconnectclient.o
    0x0800288a   0x000000a8   Code   RO        13739    i.MQTTDeserialize_publish  mqttdeserializepublish.o
    0x08002932   0x00000092   Code   RO        13971    i.MQTTDeserialize_suback  mqttsubscribeclient.o
    0x080029c4   0x000000fa   Code   RO          703    i.MQTTMsgPublish    mqttclient.o
    0x08002abe   0x00000058   Code   RO        13814    i.MQTTPacket_decode  mqttpacket.o
    0x08002b16   0x00000002   PAD
    0x08002b18   0x0000001c   Code   RO        13815    i.MQTTPacket_decodeBuf  mqttpacket.o
    0x08002b34   0x00000036   Code   RO        13817    i.MQTTPacket_encode  mqttpacket.o
    0x08002b6a   0x00000002   PAD
    0x08002b6c   0x00000028   Code   RO        13819    i.MQTTPacket_len    mqttpacket.o
    0x08002b94   0x00000066   Code   RO        13820    i.MQTTPacket_read   mqttpacket.o
    0x08002bfa   0x00000072   Code   RO        13929    i.MQTTSerialize_ack  mqttserializepublish.o
    0x08002c6c   0x00000168   Code   RO        13673    i.MQTTSerialize_connect  mqttconnectclient.o
    0x08002dd4   0x00000076   Code   RO        13674    i.MQTTSerialize_connectLength  mqttconnectclient.o
    0x08002e4a   0x00000012   Code   RO        13676    i.MQTTSerialize_pingreq  mqttconnectclient.o
    0x08002e5c   0x00000018   Code   RO        13930    i.MQTTSerialize_puback  mqttserializepublish.o
    0x08002e74   0x00000018   Code   RO        13931    i.MQTTSerialize_pubcomp  mqttserializepublish.o
    0x08002e8c   0x000000b0   Code   RO        13932    i.MQTTSerialize_publish  mqttserializepublish.o
    0x08002f3c   0x00000022   Code   RO        13933    i.MQTTSerialize_publishLength  mqttserializepublish.o
    0x08002f5e   0x0000001a   Code   RO        13934    i.MQTTSerialize_pubrel  mqttserializepublish.o
    0x08002f78   0x000000b0   Code   RO        13972    i.MQTTSerialize_subscribe  mqttsubscribeclient.o
    0x08003028   0x0000002e   Code   RO        13973    i.MQTTSerialize_subscribeLength  mqttsubscribeclient.o
    0x08003056   0x0000004c   Code   RO        13677    i.MQTTSerialize_zero  mqttconnectclient.o
    0x080030a2   0x00000002   PAD
    0x080030a4   0x00000114   Code   RO          704    i.MQTTSubscribe     mqttclient.o
    0x080031b8   0x00000018   Code   RO        13822    i.MQTTstrlen        mqttpacket.o
    0x080031d0   0x000001a0   Code   RO          153    i.Main_task         main.o
    0x08003370   0x00000004   Code   RO          510    i.MemManage_Handler  stm32f4xx_it.o
    0x08003374   0x00000002   Code   RO          511    i.NMI_Handler       stm32f4xx_it.o
    0x08003376   0x00000002   PAD
    0x08003378   0x00000078   Code   RO         3358    i.NVIC_Init         misc.o
    0x080033f0   0x00000014   Code   RO         3359    i.NVIC_PriorityGroupConfig  misc.o
    0x08003404   0x00000020   Code   RO         4266    i.RCC_AHB1PeriphClockCmd  stm32f4xx_rcc.o
    0x08003424   0x00000020   Code   RO         4268    i.RCC_AHB1PeriphResetCmd  stm32f4xx_rcc.o
    0x08003444   0x00000020   Code   RO         4272    i.RCC_AHB3PeriphClockCmd  stm32f4xx_rcc.o
    0x08003464   0x00000020   Code   RO         4278    i.RCC_APB2PeriphClockCmd  stm32f4xx_rcc.o
    0x08003484   0x000000e8   Code   RO         4287    i.RCC_GetClocksFreq  stm32f4xx_rcc.o
    0x0800356c   0x00000088   Code   RO          705    i.ReadPacketTimeout  mqttclient.o
    0x080035f4   0x0000004c   Code   RO         5547    i.STM_EVAL_LEDInit  stm324x7i_eval.o
    0x08003640   0x00000018   Code   RO         5548    i.STM_EVAL_LEDOff   stm324x7i_eval.o
    0x08003658   0x00000018   Code   RO         5549    i.STM_EVAL_LEDOn    stm324x7i_eval.o
    0x08003670   0x00000024   Code   RO         5550    i.STM_EVAL_LEDToggle  stm324x7i_eval.o
    0x08003694   0x0000000c   Code   RO         4748    i.SYSCFG_ETH_MediaInterfaceConfig  stm32f4xx_syscfg.o
    0x080036a0   0x00000108   Code   RO            3    i.SetSysClock       system_stm32f4xx.o
    0x080037a8   0x00000008   Code   RO          512    i.SysTick_Handler   stm32f4xx_it.o
    0x080037b0   0x00000068   Code   RO            5    i.SystemInit        system_stm32f4xx.o
    0x08003818   0x0000000c   Code   RO          154    i.ToggleLed4        main.o
    0x08003824   0x00000088   Code   RO         6529    i.USART1_IRQHandler  uart.o
    0x080038ac   0x00000018   Code   RO         3174    i.USART_Cmd         stm32f4xx_usart.o
    0x080038c4   0x0000001a   Code   RO         3177    i.USART_GetFlagStatus  stm32f4xx_usart.o
    0x080038de   0x00000054   Code   RO         3178    i.USART_GetITStatus  stm32f4xx_usart.o
    0x08003932   0x0000004a   Code   RO         3180    i.USART_ITConfig    stm32f4xx_usart.o
    0x0800397c   0x000000d4   Code   RO         3181    i.USART_Init        stm32f4xx_usart.o
    0x08003a50   0x0000000a   Code   RO         3188    i.USART_ReceiveData  stm32f4xx_usart.o
    0x08003a5a   0x00000008   Code   RO         3191    i.USART_SendData    stm32f4xx_usart.o
    0x08003a62   0x00000002   PAD
    0x08003a64   0x000000ac   Code   RO         6530    i.Uart1Init         uart.o
    0x08003b10   0x00000004   Code   RO          513    i.UsageFault_Handler  stm32f4xx_it.o
    0x08003b14   0x00000128   Code   RO          706    i.UserMsgCtl        mqttclient.o
    0x08003c3c   0x0000004e   Code   RO          707    i.WaitForPacket     mqttclient.o
    0x08003c8a   0x00000002   PAD
    0x08003c8c   0x00000020   Code   RO        14374    i.__0printf         mc_w.l(printfa.o)
    0x08003cac   0x00000028   Code   RO        14376    i.__0sprintf        mc_w.l(printfa.o)
    0x08003cd4   0x0000000e   Code   RO        14478    i.__scatterload_copy  mc_w.l(handlers.o)
    0x08003ce2   0x00000002   Code   RO        14479    i.__scatterload_null  mc_w.l(handlers.o)
    0x08003ce4   0x0000000e   Code   RO        14480    i.__scatterload_zeroinit  mc_w.l(handlers.o)
    0x08003cf2   0x00000002   PAD
    0x08003cf4   0x00000164   Code   RO        14381    i._fp_digits        mc_w.l(printfa.o)
    0x08003e58   0x000006dc   Code   RO        14382    i._printf_core      mc_w.l(printfa.o)
    0x08004534   0x00000024   Code   RO        14383    i._printf_post_padding  mc_w.l(printfa.o)
    0x08004558   0x0000002e   Code   RO        14384    i._printf_pre_padding  mc_w.l(printfa.o)
    0x08004586   0x0000000a   Code   RO        14386    i._sputc            mc_w.l(printfa.o)
    0x08004590   0x00000094   Code   RO         1203    i.alloc_socket      sockets.o
    0x08004624   0x0000001c   Code   RO         2880    i.arp_timer         ethernetif.o
    0x08004640   0x00000020   Code   RO         3085    i.arp_timer         timers.o
    0x08004660   0x00000028   Code   RO        13823    i.bufchar           mqttpacket.o
    0x08004688   0x00000024   Code   RO         5689    i.delay             stm324x7i_eval_lcd.o
    0x080046ac   0x00000048   Code   RO          708    i.deliverMessage    mqttclient.o
    0x080046f4   0x0000003a   Code   RO         1489    i.dhcp_arp_reply    dhcp.o
    0x0800472e   0x00000104   Code   RO         1490    i.dhcp_bind         dhcp.o
    0x08004832   0x00000046   Code   RO         1491    i.dhcp_check        dhcp.o
    0x08004878   0x00000050   Code   RO         1493    i.dhcp_coarse_tmr   dhcp.o
    0x080048c8   0x00000150   Code   RO         1494    i.dhcp_create_msg   dhcp.o
    0x08004a18   0x00000094   Code   RO         1495    i.dhcp_decline      dhcp.o
    0x08004aac   0x00000028   Code   RO         1496    i.dhcp_delete_msg   dhcp.o
    0x08004ad4   0x000000e4   Code   RO         1497    i.dhcp_discover     dhcp.o
    0x08004bb8   0x00000048   Code   RO         1498    i.dhcp_fine_tmr     dhcp.o
    0x08004c00   0x00000050   Code   RO         1503    i.dhcp_network_changed  dhcp.o
    0x08004c50   0x00000020   Code   RO         1504    i.dhcp_option       dhcp.o
    0x08004c70   0x00000012   Code   RO         1505    i.dhcp_option_byte  dhcp.o
    0x08004c82   0x00000042   Code   RO         1506    i.dhcp_option_long  dhcp.o
    0x08004cc4   0x00000022   Code   RO         1507    i.dhcp_option_short  dhcp.o
    0x08004ce6   0x00000046   Code   RO         1508    i.dhcp_option_trailer  dhcp.o
    0x08004d2c   0x00000098   Code   RO         1510    i.dhcp_rebind       dhcp.o
    0x08004dc4   0x000000b8   Code   RO         1511    i.dhcp_reboot       dhcp.o
    0x08004e7c   0x000000b8   Code   RO         1513    i.dhcp_release      dhcp.o
    0x08004f34   0x00000096   Code   RO         1514    i.dhcp_renew        dhcp.o
    0x08004fca   0x00000002   PAD
    0x08004fcc   0x00000104   Code   RO         1515    i.dhcp_select       dhcp.o
    0x080050d0   0x00000010   Code   RO         1516    i.dhcp_set_state    dhcp.o
    0x080050e0   0x00000028   Code   RO         1520    i.dhcp_t1_timeout   dhcp.o
    0x08005108   0x00000028   Code   RO         1521    i.dhcp_t2_timeout   dhcp.o
    0x08005130   0x000000c4   Code   RO         1522    i.dhcp_timeout      dhcp.o
    0x080051f4   0x00000020   Code   RO         3086    i.dhcp_timer_coarse  timers.o
    0x08005214   0x00000020   Code   RO         3087    i.dhcp_timer_fine   timers.o
    0x08005234   0x0000012c   Code   RO          960    i.do_close_internal  api_msg.o
    0x08005360   0x000000cc   Code   RO          961    i.do_connect        api_msg.o
    0x0800542c   0x0000007e   Code   RO          962    i.do_connected      api_msg.o
    0x080054aa   0x000000c2   Code   RO          963    i.do_delconn        api_msg.o
    0x0800556c   0x0000002e   Code   RO          964    i.do_disconnect     api_msg.o
    0x0800559a   0x000000b2   Code   RO          965    i.do_getaddr        api_msg.o
    0x0800564c   0x00000020   Code   RO          967    i.do_newconn        api_msg.o
    0x0800566c   0x00000068   Code   RO          968    i.do_recv           api_msg.o
    0x080056d4   0x000000a6   Code   RO          969    i.do_send           api_msg.o
    0x0800577a   0x0000006a   Code   RO          970    i.do_write          api_msg.o
    0x080057e4   0x00000140   Code   RO          971    i.do_writemore      api_msg.o
    0x08005924   0x000000ac   Code   RO          972    i.err_tcp           api_msg.o
    0x080059d0   0x00000132   Code   RO         2787    i.etharp_arp_input  etharp.o
    0x08005b02   0x00000002   PAD
    0x08005b04   0x00000038   Code   RO         2788    i.etharp_cleanup_netif  etharp.o
    0x08005b3c   0x0000017c   Code   RO         2790    i.etharp_find_entry  etharp.o
    0x08005cb8   0x00000078   Code   RO         2791    i.etharp_free_entry  etharp.o
    0x08005d30   0x00000174   Code   RO         2792    i.etharp_output     etharp.o
    0x08005ea4   0x0000006c   Code   RO         2793    i.etharp_output_to_arp_index  etharp.o
    0x08005f10   0x00000174   Code   RO         2794    i.etharp_query      etharp.o
    0x08006084   0x000000ba   Code   RO         2795    i.etharp_raw        etharp.o
    0x0800613e   0x00000002   PAD
    0x08006140   0x00000030   Code   RO         2796    i.etharp_request    etharp.o
    0x08006170   0x0000003c   Code   RO         2797    i.etharp_send_ip    etharp.o
    0x080061ac   0x00000094   Code   RO         2798    i.etharp_tmr        etharp.o
    0x08006240   0x000000c4   Code   RO         2799    i.etharp_update_arp_entry  etharp.o
    0x08006304   0x000000bc   Code   RO         2800    i.ethernet_input    etharp.o
    0x080063c0   0x00000040   Code   RO         2881    i.ethernetif_init   ethernetif.o
    0x08006400   0x00000048   Code   RO         2882    i.ethernetif_input  ethernetif.o
    0x08006448   0x0000013c   Code   RO         1204    i.event_callback    sockets.o
    0x08006584   0x00000024   Code   RO         6531    i.fputc             uart.o
    0x080065a8   0x00000026   Code   RO         1205    i.free_socket       sockets.o
    0x080065ce   0x00000002   PAD
    0x080065d0   0x000000e8   Code   RO         1206    i.get_socket        sockets.o
    0x080066b8   0x00000012   Code   RO         2619    i.icmp_dest_unreach  icmp.o
    0x080066ca   0x00000002   PAD
    0x080066cc   0x00000184   Code   RO         2620    i.icmp_input        icmp.o
    0x08006850   0x00000088   Code   RO         2621    i.icmp_send_response  icmp.o
    0x080068d8   0x00000014   Code   RO         2655    i.inet_chksum       inet_chksum.o
    0x080068ec   0x00000056   Code   RO         2656    i.inet_chksum_pbuf  inet_chksum.o
    0x08006942   0x0000004e   Code   RO         2728    i.ip4_addr_isbroadcast  ip_addr.o
    0x08006990   0x000001f4   Code   RO         2691    i.ip_input          ip.o
    0x08006b84   0x0000003c   Code   RO         2692    i.ip_output         ip.o
    0x08006bc0   0x0000010c   Code   RO         2693    i.ip_output_if      ip.o
    0x08006ccc   0x00000058   Code   RO         2694    i.ip_route          ip.o
    0x08006d24   0x00000018   Code   RO         2730    i.ipaddr_addr       ip_addr.o
    0x08006d3c   0x0000015c   Code   RO         2731    i.ipaddr_aton       ip_addr.o
    0x08006e98   0x00000104   Code   RO         2883    i.low_level_init    ethernetif.o
    0x08006f9c   0x000000f0   Code   RO         2884    i.low_level_input   ethernetif.o
    0x0800708c   0x000000fc   Code   RO         2885    i.low_level_output  ethernetif.o
    0x08007188   0x000000c0   Code   RO         1209    i.lwip_close        sockets.o
    0x08007248   0x00000270   Code   RO         1210    i.lwip_connect      sockets.o
    0x080074b8   0x0000001a   Code   RO         3055    i.lwip_htonl        def.o
    0x080074d2   0x0000000c   Code   RO         3056    i.lwip_htons        def.o
    0x080074de   0x00000024   Code   RO         1693    i.lwip_init         init.o
    0x08007502   0x0000000c   Code   RO         3057    i.lwip_ntohl        def.o
    0x0800750e   0x0000000c   Code   RO         3058    i.lwip_ntohs        def.o
    0x0800751a   0x00000022   Code   RO         1220    i.lwip_recv         sockets.o
    0x0800753c   0x00000644   Code   RO         1221    i.lwip_recvfrom     sockets.o
    0x08007b80   0x000003ec   Code   RO         1222    i.lwip_select       sockets.o
    0x08007f6c   0x00000270   Code   RO         1223    i.lwip_selscan      sockets.o
    0x080081dc   0x00000180   Code   RO         1224    i.lwip_send         sockets.o
    0x0800835c   0x00000210   Code   RO         1225    i.lwip_sendto       sockets.o
    0x0800856c   0x00000280   Code   RO         1229    i.lwip_socket       sockets.o
    0x080087ec   0x00000002   Code   RO         1230    i.lwip_socket_init  sockets.o
    0x080087ee   0x0000005e   Code   RO         2659    i.lwip_standard_chksum  inet_chksum.o
    0x0800884c   0x00000010   Code   RO         1110    i.lwip_strerr       err.o
    0x0800885c   0x00000016   Code   RO         1231    i.lwip_write        sockets.o
    0x08008872   0x00000002   PAD
    0x08008874   0x000001f0   Code   RO          155    i.main              main.o
    0x08008a64   0x0000006c   Code   RO         1728    i.mem_free          mem.o
    0x08008ad0   0x00000070   Code   RO         1729    i.mem_init          mem.o
    0x08008b40   0x00000114   Code   RO         1730    i.mem_malloc        mem.o
    0x08008c54   0x00000120   Code   RO         1731    i.mem_trim          mem.o
    0x08008d74   0x00000020   Code   RO         1773    i.memp_free         memp.o
    0x08008d94   0x00000064   Code   RO         1774    i.memp_init         memp.o
    0x08008df8   0x00000030   Code   RO         1775    i.memp_malloc       memp.o
    0x08008e28   0x00000120   Code   RO          709    i.mqtt_pktype_ctl   mqttclient.o
    0x08008f48   0x00000370   Code   RO          710    i.mqtt_thread       mqttclient.o
    0x080092b8   0x0000009c   Code   RO          711    i.my_mqtt_send_pingreq  mqttclient.o
    0x08009354   0x00000020   Code   RO         1131    i.netbuf_delete     netbuf.o
    0x08009374   0x00000020   Code   RO         1133    i.netbuf_free       netbuf.o
    0x08009394   0x0000004a   Code   RO         1136    i.netbuf_ref        netbuf.o
    0x080093de   0x00000096   Code   RO          973    i.netconn_alloc     api_msg.o
    0x08009474   0x00000044   Code   RO          815    i.netconn_connect   api_lib.o
    0x080094b8   0x00000028   Code   RO          816    i.netconn_delete    api_lib.o
    0x080094e0   0x0000003c   Code   RO          817    i.netconn_disconnect  api_lib.o
    0x0800951c   0x000000b8   Code   RO          974    i.netconn_drain     api_msg.o
    0x080095d4   0x0000003a   Code   RO          975    i.netconn_free      api_msg.o
    0x0800960e   0x00000002   PAD
    0x08009610   0x00000064   Code   RO          818    i.netconn_getaddr   api_lib.o
    0x08009674   0x00000078   Code   RO          820    i.netconn_new_with_proto_and_callback  api_lib.o
    0x080096ec   0x0000009c   Code   RO          821    i.netconn_recv      api_lib.o
    0x08009788   0x000000e0   Code   RO          822    i.netconn_recv_data  api_lib.o
    0x08009868   0x00000022   Code   RO          823    i.netconn_recv_tcp_pbuf  api_lib.o
    0x0800988a   0x00000002   PAD
    0x0800988c   0x00000030   Code   RO          824    i.netconn_recved    api_lib.o
    0x080098bc   0x00000044   Code   RO          825    i.netconn_send      api_lib.o
    0x08009900   0x0000009c   Code   RO          828    i.netconn_write_partly  api_lib.o
    0x0800999c   0x0000008c   Code   RO         1817    i.netif_add         netif.o
    0x08009a28   0x00000002   Code   RO         1819    i.netif_init        netif.o
    0x08009a2a   0x00000028   Code   RO         1821    i.netif_set_addr    netif.o
    0x08009a52   0x00000002   PAD
    0x08009a54   0x00000010   Code   RO         1822    i.netif_set_default  netif.o
    0x08009a64   0x0000002a   Code   RO         1823    i.netif_set_down    netif.o
    0x08009a8e   0x00000010   Code   RO         1824    i.netif_set_gw      netif.o
    0x08009a9e   0x00000002   PAD
    0x08009aa0   0x00000084   Code   RO         1825    i.netif_set_ipaddr  netif.o
    0x08009b24   0x00000006   Code   RO         1826    i.netif_set_link_callback  netif.o
    0x08009b2a   0x0000002a   Code   RO         1827    i.netif_set_link_down  netif.o
    0x08009b54   0x00000050   Code   RO         1828    i.netif_set_link_up  netif.o
    0x08009ba4   0x00000010   Code   RO         1829    i.netif_set_netmask  netif.o
    0x08009bb4   0x00000036   Code   RO         1830    i.netif_set_up      netif.o
    0x08009bea   0x000001a2   Code   RO         1918    i.pbuf_alloc        pbuf.o
    0x08009d8c   0x00000038   Code   RO         1919    i.pbuf_cat          pbuf.o
    0x08009dc4   0x0000001a   Code   RO         1920    i.pbuf_chain        pbuf.o
    0x08009dde   0x00000012   Code   RO         1921    i.pbuf_clen         pbuf.o
    0x08009df0   0x000000c8   Code   RO         1923    i.pbuf_copy         pbuf.o
    0x08009eb8   0x00000092   Code   RO         1924    i.pbuf_copy_partial  pbuf.o
    0x08009f4a   0x0000007e   Code   RO         1926    i.pbuf_free         pbuf.o
    0x08009fc8   0x00000086   Code   RO         1928    i.pbuf_header       pbuf.o
    0x0800a04e   0x00000078   Code   RO         1931    i.pbuf_realloc      pbuf.o
    0x0800a0c6   0x0000000a   Code   RO         1932    i.pbuf_ref          pbuf.o
    0x0800a0d0   0x0000009c   Code   RO          976    i.pcb_new           api_msg.o
    0x0800a16c   0x00000088   Code   RO         1732    i.plug_holes        mem.o
    0x0800a1f4   0x00000064   Code   RO          977    i.poll_tcp          api_msg.o
    0x0800a258   0x00000054   Code   RO         5971    i.prvAddCurrentTaskToDelayedList  tasks.o
    0x0800a2ac   0x0000003a   Code   RO         5972    i.prvAllocateTCBAndStack  tasks.o
    0x0800a2e6   0x00000002   PAD
    0x0800a2e8   0x00000064   Code   RO         5973    i.prvCheckTasksWaitingTermination  tasks.o
    0x0800a34c   0x0000002a   Code   RO         6279    i.prvCopyDataFromQueue  queue.o
    0x0800a376   0x00000068   Code   RO         6280    i.prvCopyDataToQueue  queue.o
    0x0800a3de   0x00000012   Code   RO         5974    i.prvDeleteTCB      tasks.o
    0x0800a3f0   0x00000080   Code   RO         5922    i.prvHeapInit       heap_4.o
    0x0800a470   0x00000018   Code   RO         5975    i.prvIdleTask       tasks.o
    0x0800a488   0x00000046   Code   RO         5976    i.prvInitialiseTCBVariables  tasks.o
    0x0800a4ce   0x00000002   PAD
    0x0800a4d0   0x0000005c   Code   RO         5977    i.prvInitialiseTaskLists  tasks.o
    0x0800a52c   0x00000068   Code   RO         5923    i.prvInsertBlockIntoFreeList  heap_4.o
    0x0800a594   0x0000001c   Code   RO         6281    i.prvIsQueueEmpty   queue.o
    0x0800a5b0   0x00000020   Code   RO         6282    i.prvIsQueueFull    queue.o
    0x0800a5d0   0x0000007e   Code   RO         6283    i.prvUnlockQueue    queue.o
    0x0800a64e   0x00000002   PAD
    0x0800a650   0x00000098   Code   RO         5924    i.pvPortMalloc      heap_4.o
    0x0800a6e8   0x0000001a   Code   RO         6436    i.pxPortInitialiseStack  port.o
    0x0800a702   0x00000010   Code   RO         2031    i.raw_connect       raw.o
    0x0800a712   0x00000002   PAD
    0x0800a714   0x00000074   Code   RO         2032    i.raw_input         raw.o
    0x0800a788   0x00000034   Code   RO         2033    i.raw_new           raw.o
    0x0800a7bc   0x00000006   Code   RO         2034    i.raw_recv          raw.o
    0x0800a7c2   0x00000002   PAD
    0x0800a7c4   0x00000040   Code   RO         2035    i.raw_remove        raw.o
    0x0800a804   0x00000012   Code   RO         2036    i.raw_send          raw.o
    0x0800a816   0x000000ac   Code   RO         2037    i.raw_sendto        raw.o
    0x0800a8c2   0x0000000e   Code   RO        13825    i.readChar          mqttpacket.o
    0x0800a8d0   0x0000001a   Code   RO        13826    i.readInt           mqttpacket.o
    0x0800a8ea   0x0000003a   Code   RO        13827    i.readMQTTLenString  mqttpacket.o
    0x0800a924   0x0000009c   Code   RO          978    i.recv_raw          api_msg.o
    0x0800a9c0   0x00000080   Code   RO          979    i.recv_tcp          api_msg.o
    0x0800aa40   0x00000082   Code   RO          980    i.recv_udp          api_msg.o
    0x0800aac2   0x00000064   Code   RO          981    i.sent_tcp          api_msg.o
    0x0800ab26   0x00000002   PAD
    0x0800ab28   0x00000044   Code   RO          982    i.setup_tcp         api_msg.o
    0x0800ab6c   0x00000062   Code   RO         2927    i.sys_arch_mbox_fetch  sys_arch.o
    0x0800abce   0x00000024   Code   RO         2928    i.sys_arch_mbox_tryfetch  sys_arch.o
    0x0800abf2   0x00000056   Code   RO         2930    i.sys_arch_sem_wait  sys_arch.o
    0x0800ac48   0x0000000c   Code   RO         2933    i.sys_init          sys_arch.o
    0x0800ac54   0x00000012   Code   RO         2934    i.sys_mbox_free     sys_arch.o
    0x0800ac66   0x00000020   Code   RO         2935    i.sys_mbox_new      sys_arch.o
    0x0800ac86   0x00000018   Code   RO         2936    i.sys_mbox_post     sys_arch.o
    0x0800ac9e   0x00000006   Code   RO         2937    i.sys_mbox_set_invalid  sys_arch.o
    0x0800aca4   0x00000020   Code   RO         2938    i.sys_mbox_trypost  sys_arch.o
    0x0800acc4   0x0000000e   Code   RO         2939    i.sys_mbox_valid    sys_arch.o
    0x0800acd2   0x0000000c   Code   RO         2940    i.sys_sem_free      sys_arch.o
    0x0800acde   0x0000003e   Code   RO         2941    i.sys_sem_new       sys_arch.o
    0x0800ad1c   0x00000006   Code   RO         2942    i.sys_sem_set_invalid  sys_arch.o
    0x0800ad22   0x00000012   Code   RO         2943    i.sys_sem_signal    sys_arch.o
    0x0800ad34   0x0000000e   Code   RO         2944    i.sys_sem_valid     sys_arch.o
    0x0800ad42   0x00000002   PAD
    0x0800ad44   0x00000050   Code   RO         2945    i.sys_thread_new    sys_arch.o
    0x0800ad94   0x0000009c   Code   RO         3088    i.sys_timeout       timers.o
    0x0800ae30   0x00000034   Code   RO         3089    i.sys_timeouts_init  timers.o
    0x0800ae64   0x00000088   Code   RO         3090    i.sys_timeouts_mbox_fetch  timers.o
    0x0800aeec   0x00000060   Code   RO         3091    i.sys_untimeout     timers.o
    0x0800af4c   0x00000098   Code   RO         2105    i.tcp_abandon       tcp.o
    0x0800afe4   0x0000000e   Code   RO         2106    i.tcp_abort         tcp.o
    0x0800aff2   0x00000004   Code   RO         2107    i.tcp_accept        tcp.o
    0x0800aff6   0x00000002   PAD
    0x0800aff8   0x000001b0   Code   RO         2109    i.tcp_alloc         tcp.o
    0x0800b1a8   0x00000004   Code   RO         2110    i.tcp_arg           tcp.o
    0x0800b1ac   0x000000a4   Code   RO         2112    i.tcp_close         tcp.o
    0x0800b250   0x000001c8   Code   RO         2113    i.tcp_close_shutdown  tcp.o
    0x0800b418   0x000001dc   Code   RO         2114    i.tcp_connect       tcp.o
    0x0800b5f4   0x0000018c   Code   RO         2419    i.tcp_create_segment  tcp_out.o
    0x0800b780   0x00000084   Code   RO         2118    i.tcp_debug_print_state  tcp.o
    0x0800b804   0x0000002e   Code   RO         2120    i.tcp_eff_send_mss  tcp.o
    0x0800b832   0x00000002   PAD
    0x0800b834   0x00000284   Code   RO         2420    i.tcp_enqueue_flags  tcp_out.o
    0x0800bab8   0x0000000a   Code   RO         2121    i.tcp_err           tcp.o
    0x0800bac2   0x00000002   PAD
    0x0800bac4   0x00000100   Code   RO         2122    i.tcp_fasttmr       tcp.o
    0x0800bbc4   0x00000002   Code   RO         2123    i.tcp_init          tcp.o
    0x0800bbc6   0x00000002   PAD
    0x0800bbc8   0x0000049c   Code   RO         2367    i.tcp_input         tcp_in.o
    0x0800c064   0x000001b0   Code   RO         2421    i.tcp_keepalive     tcp_out.o
    0x0800c214   0x000000f0   Code   RO         2124    i.tcp_kill_prio     tcp.o
    0x0800c304   0x000000e4   Code   RO         2125    i.tcp_kill_timewait  tcp.o
    0x0800c3e8   0x00000280   Code   RO         2368    i.tcp_listen_input  tcp_in.o
    0x0800c668   0x0000000a   Code   RO         2127    i.tcp_new           tcp.o
    0x0800c672   0x00000002   PAD
    0x0800c674   0x00000068   Code   RO         2128    i.tcp_new_port      tcp.o
    0x0800c6dc   0x0000001c   Code   RO         2129    i.tcp_next_iss      tcp.o
    0x0800c6f8   0x00000388   Code   RO         2422    i.tcp_output        tcp_out.o
    0x0800ca80   0x00000078   Code   RO         2423    i.tcp_output_alloc_header  tcp_out.o
    0x0800caf8   0x00000178   Code   RO         2424    i.tcp_output_segment  tcp_out.o
    0x0800cc70   0x000000d0   Code   RO         2369    i.tcp_parseopt      tcp_in.o
    0x0800cd40   0x00000078   Code   RO         2425    i.tcp_pbuf_prealloc  tcp_out.o
    0x0800cdb8   0x000001c4   Code   RO         2130    i.tcp_pcb_purge     tcp.o
    0x0800cf7c   0x00000094   Code   RO         2131    i.tcp_pcb_remove    tcp.o
    0x0800d010   0x00000034   Code   RO         2132    i.tcp_pcbs_sane     tcp.o
    0x0800d044   0x0000000e   Code   RO         2133    i.tcp_poll          tcp.o
    0x0800d052   0x00000002   PAD
    0x0800d054   0x000007f4   Code   RO         2370    i.tcp_process       tcp_in.o
    0x0800d848   0x00000094   Code   RO         2134    i.tcp_process_refused_data  tcp.o
    0x0800d8dc   0x0000074c   Code   RO         2371    i.tcp_receive       tcp_in.o
    0x0800e028   0x00000008   Code   RO         2135    i.tcp_recv          tcp.o
    0x0800e030   0x0000002e   Code   RO         2136    i.tcp_recv_null     tcp.o
    0x0800e05e   0x00000002   PAD
    0x0800e060   0x000000f0   Code   RO         2137    i.tcp_recved        tcp.o
    0x0800e150   0x0000005a   Code   RO         2426    i.tcp_rexmit        tcp_out.o
    0x0800e1aa   0x00000078   Code   RO         2427    i.tcp_rexmit_fast   tcp_out.o
    0x0800e222   0x0000003a   Code   RO         2428    i.tcp_rexmit_rto    tcp_out.o
    0x0800e25c   0x00000120   Code   RO         2429    i.tcp_rst           tcp_out.o
    0x0800e37c   0x0000001e   Code   RO         2138    i.tcp_seg_free      tcp.o
    0x0800e39a   0x00000018   Code   RO         2139    i.tcp_segs_free     tcp.o
    0x0800e3b2   0x00000002   PAD
    0x0800e3b4   0x00000124   Code   RO         2430    i.tcp_send_empty_ack  tcp_out.o
    0x0800e4d8   0x0000004a   Code   RO         2431    i.tcp_send_fin      tcp_out.o
    0x0800e522   0x00000008   Code   RO         2140    i.tcp_sent          tcp.o
    0x0800e52a   0x00000062   Code   RO         2142    i.tcp_shutdown      tcp.o
    0x0800e58c   0x000005d0   Code   RO         2143    i.tcp_slowtmr       tcp.o
    0x0800eb5c   0x00000038   Code   RO         3092    i.tcp_timer_needed  timers.o
    0x0800eb94   0x000000ac   Code   RO         2372    i.tcp_timewait_input  tcp_in.o
    0x0800ec40   0x00000024   Code   RO         2144    i.tcp_tmr           tcp.o
    0x0800ec64   0x0000004e   Code   RO         2145    i.tcp_update_rcv_ann_wnd  tcp.o
    0x0800ecb2   0x00000002   PAD
    0x0800ecb4   0x0000062c   Code   RO         2432    i.tcp_write         tcp_out.o
    0x0800f2e0   0x000001a8   Code   RO         2433    i.tcp_write_checks  tcp_out.o
    0x0800f488   0x000001d8   Code   RO         2434    i.tcp_zero_window_probe  tcp_out.o
    0x0800f660   0x00000040   Code   RO         1388    i.tcpip_apimsg      tcpip.o
    0x0800f6a0   0x0000004c   Code   RO         1392    i.tcpip_init        tcpip.o
    0x0800f6ec   0x0000004c   Code   RO         1393    i.tcpip_input       tcpip.o
    0x0800f738   0x00000038   Code   RO         3093    i.tcpip_tcp_timer   timers.o
    0x0800f770   0x000000e4   Code   RO         1394    i.tcpip_thread      tcpip.o
    0x0800f854   0x00000014   Code   RO        14057    i.transport_close   transport.o
    0x0800f868   0x00000020   Code   RO        14058    i.transport_getdata  transport.o
    0x0800f888   0x00000084   Code   RO        14059    i.transport_open    transport.o
    0x0800f90c   0x0000001c   Code   RO        14060    i.transport_sendPacketBuffer  transport.o
    0x0800f928   0x00000030   Code   RO         1232    i.tryget_socket     sockets.o
    0x0800f958   0x00000098   Code   RO         2518    i.udp_bind          udp.o
    0x0800f9f0   0x00000068   Code   RO         2519    i.udp_connect       udp.o
    0x0800fa58   0x00000010   Code   RO         2520    i.udp_disconnect    udp.o
    0x0800fa68   0x00000002   Code   RO         2521    i.udp_init          udp.o
    0x0800fa6a   0x00000002   PAD
    0x0800fa6c   0x000001e4   Code   RO         2522    i.udp_input         udp.o
    0x0800fc50   0x0000001c   Code   RO         2523    i.udp_new           udp.o
    0x0800fc6c   0x00000058   Code   RO         2524    i.udp_new_port      udp.o
    0x0800fcc4   0x00000006   Code   RO         2525    i.udp_recv          udp.o
    0x0800fcca   0x00000002   PAD
    0x0800fccc   0x00000040   Code   RO         2526    i.udp_remove        udp.o
    0x0800fd0c   0x00000014   Code   RO         2527    i.udp_send          udp.o
    0x0800fd20   0x00000036   Code   RO         2528    i.udp_sendto        udp.o
    0x0800fd56   0x000000f0   Code   RO         2529    i.udp_sendto_if     udp.o
    0x0800fe46   0x00000028   Code   RO         6243    i.uxListRemove      list.o
    0x0800fe6e   0x0000001c   Code   RO         6286    i.uxQueueMessagesWaiting  queue.o
    0x0800fe8a   0x00000002   PAD
    0x0800fe8c   0x000000a8   Code   RO          425    i.vEthLinkChkTask   stm32f4x7_eth_bsp.o
    0x0800ff34   0x0000001a   Code   RO         6244    i.vListInitialise   list.o
    0x0800ff4e   0x00000006   Code   RO         6245    i.vListInitialiseItem  list.o
    0x0800ff54   0x00000034   Code   RO         6246    i.vListInsert       list.o
    0x0800ff88   0x0000001c   Code   RO         6247    i.vListInsertEnd    list.o
    0x0800ffa4   0x00000018   Code   RO         6438    i.vPortEnterCritical  port.o
    0x0800ffbc   0x00000020   Code   RO         6439    i.vPortExitCritical  port.o
    0x0800ffdc   0x0000002c   Code   RO         5925    i.vPortFree         heap_4.o
    0x08010008   0x00000020   Code   RO         6440    i.vPortSetupTimerInterrupt  port.o
    0x08010028   0x00000010   Code   RO         6441    i.vPortYieldFromISR  port.o
    0x08010038   0x00000022   Code   RO         6289    i.vQueueDelete      queue.o
    0x0801005a   0x00000002   PAD
    0x0801005c   0x0000002c   Code   RO         6291    i.vQueueUnregisterQueue  queue.o
    0x08010088   0x00000038   Code   RO         5983    i.vTaskDelay        tasks.o
    0x080100c0   0x00000074   Code   RO         5984    i.vTaskDelete       tasks.o
    0x08010134   0x00000124   Code   RO         5986    i.vTaskIncrementTick  tasks.o
    0x08010258   0x0000000c   Code   RO         5988    i.vTaskMissedYield  tasks.o
    0x08010264   0x0000003c   Code   RO         5989    i.vTaskPlaceOnEventList  tasks.o
    0x080102a0   0x00000050   Code   RO         5990    i.vTaskPriorityDisinherit  tasks.o
    0x080102f0   0x00000084   Code   RO         5991    i.vTaskPriorityInherit  tasks.o
    0x08010374   0x00000024   Code   RO         5994    i.vTaskSetTimeOutState  tasks.o
    0x08010398   0x00000054   Code   RO         5995    i.vTaskStartScheduler  tasks.o
    0x080103ec   0x00000010   Code   RO         5996    i.vTaskSuspendAll   tasks.o
    0x080103fc   0x00000080   Code   RO         5997    i.vTaskSwitchContext  tasks.o
    0x0801047c   0x00000028   Code   RO        13828    i.writeCString      mqttpacket.o
    0x080104a4   0x0000000c   Code   RO        13829    i.writeChar         mqttpacket.o
    0x080104b0   0x00000030   Code   RO        13830    i.writeInt          mqttpacket.o
    0x080104e0   0x0000003e   Code   RO        13831    i.writeMQTTString   mqttpacket.o
    0x0801051e   0x00000002   PAD
    0x08010520   0x00000034   Code   RO         6442    i.xPortStartScheduler  port.o
    0x08010554   0x00000020   Code   RO         6443    i.xPortSysTickHandler  port.o
    0x08010574   0x0000005c   Code   RO         6294    i.xQueueGenericCreate  queue.o
    0x080105d0   0x0000013a   Code   RO         6295    i.xQueueGenericReceive  queue.o
    0x0801070a   0x00000076   Code   RO         6296    i.xQueueGenericReset  queue.o
    0x08010780   0x000000ee   Code   RO         6297    i.xQueueGenericSend  queue.o
    0x0801086e   0x00000080   Code   RO         6298    i.xQueueGenericSendFromISR  queue.o
    0x080108ee   0x00000002   PAD
    0x080108f0   0x00000070   Code   RO         5998    i.xTaskCheckForTimeOut  tasks.o
    0x08010960   0x00000164   Code   RO         5999    i.xTaskGenericCreate  tasks.o
    0x08010ac4   0x0000000c   Code   RO         6000    i.xTaskGetCurrentTaskHandle  tasks.o
    0x08010ad0   0x00000018   Code   RO         6001    i.xTaskGetTickCount  tasks.o
    0x08010ae8   0x00000080   Code   RO         6003    i.xTaskRemoveFromEventList  tasks.o
    0x08010b68   0x000000ec   Code   RO         6004    i.xTaskResumeAll    tasks.o
    0x08010c54   0x00000058   Data   RO          713    .constdata          mqttclient.o
    0x08010cac   0x00000155   Data   RO         1234    .constdata          sockets.o
    0x08010e01   0x00000001   PAD
    0x08010e02   0x0000003c   Data   RO         1777    .constdata          memp.o
    0x08010e3e   0x00000002   PAD
    0x08010e40   0x00000140   Data   RO         2146    .constdata          tcp.o
    0x08010f80   0x00000040   Data   RO         2374    .constdata          tcp_in.o
    0x08010fc0   0x000000ad   Data   RO         2435    .constdata          tcp_out.o
    0x0801106d   0x00000003   PAD
    0x08011070   0x00000008   Data   RO         2735    .constdata          ip_addr.o
    0x08011078   0x000000b7   Data   RO         2802    .constdata          etharp.o
    0x0801112f   0x00000001   PAD
    0x08011130   0x0000005c   Data   RO         5557    .constdata          stm324x7i_eval.o
    0x0801118c   0x000029d0   Data   RO         5690    .constdata          stm324x7i_eval_lcd.o
    0x08013b5c   0x00000125   Data   RO         1111    .conststring        err.o
    0x08013c81   0x00000003   PAD
    0x08013c84   0x000000c1   Data   RO         2147    .conststring        tcp.o
    0x08013d45   0x00000003   PAD
    0x08013d48   0x0000016d   Data   RO         2436    .conststring        tcp_out.o
    0x08013eb5   0x00000003   PAD
    0x08013eb8   0x00000020   Data   RO        14476    Region$$Table       anon$$obj.o


    Execution Region RW_IRAM1 (Base: 0x20000000, Size: 0x00010f08, Max: 0x00020000, ABSOLUTE, COMPRESSED[0x000000a0])

    Base Addr    Size         Type   Attr      Idx    E Section Name        Object

    0x20000000   0x00000014   Data   RW            6    .data               system_stm32f4xx.o
    0x20000014   0x00000008   Data   RW          427    .data               stm32f4x7_eth_bsp.o
    0x2000001c   0x00000006   Data   RW          714    .data               mqttclient.o
    0x20000022   0x00000002   PAD
    0x20000024   0x00000040   Data   RW         1112    .data               err.o
    0x20000064   0x00000008   Data   RW         1236    .data               sockets.o
    0x2000006c   0x0000000c   Data   RW         1399    .data               tcpip.o
    0x20000078   0x00000004   Data   RW         1525    .data               dhcp.o
    0x2000007c   0x00000010   Data   RW         1735    .data               mem.o
    0x2000008c   0x00000009   Data   RW         1832    .data               netif.o
    0x20000095   0x00000003   PAD
    0x20000098   0x00000004   Data   RW         2039    .data               raw.o
    0x2000009c   0x00000024   Data   RW         2148    .data               tcp.o
    0x200000c0   0x00000020   Data   RW         2375    .data               tcp_in.o
    0x200000e0   0x00000008   Data   RW         2531    .data               udp.o
    0x200000e8   0x00000012   Data   RW         2696    .data               ip.o
    0x200000fa   0x00000001   Data   RW         2803    .data               etharp.o
    0x200000fb   0x00000001   PAD
    0x200000fc   0x0000000c   Data   RW         2886    .data               ethernetif.o
    0x20000108   0x00000002   Data   RW         2946    .data               sys_arch.o
    0x2000010a   0x00000002   PAD
    0x2000010c   0x00000008   Data   RW         3095    .data               timers.o
    0x20000114   0x00000010   Data   RW         4311    .data               stm32f4xx_rcc.o
    0x20000124   0x00000010   Data   RW         5105    .data               stm32f4x7_eth.o
    0x20000134   0x0000002c   Data   RW         5558    .data               stm324x7i_eval.o
    0x20000160   0x00000028   Data   RW         5691    .data               stm324x7i_eval_lcd.o
    0x20000188   0x00000010   Data   RW         5929    .data               heap_4.o
    0x20000198   0x0000003c   Data   RW         6006    .data               tasks.o
    0x200001d4   0x00000004   Data   RW         6444    .data               port.o
    0x200001d8   0x00000002   Data   RW         6533    .data               uart.o
    0x200001da   0x00000002   PAD
    0x200001dc   0x00000004   Data   RW        13832    .data               mqttpacket.o
    0x200001e0   0x00000004   Data   RW        14061    .data               transport.o
    0x200001e4   0x00000004   Data   RW        14454    .data               mc_w.l(stdout.o)
    0x200001e8   0x00000038   Zero   RW          353    .bss                netconf.o
    0x20000220   0x000000bc   Zero   RW          426    .bss                stm32f4x7_eth_bsp.o
    0x200002dc   0x0000016c   Zero   RW          712    .bss                mqttclient.o
    0x20000448   0x00000060   Zero   RW         1233    .bss                sockets.o
    0x200004a8   0x00001414   Zero   RW         1733    .bss                mem.o
    0x200018bc   0x00003a9b   Zero   RW         1776    .bss                memp.o
    0x20005357   0x00000001   PAD
    0x20005358   0x00000014   Zero   RW         2373    .bss                tcp_in.o
    0x2000536c   0x000000c8   Zero   RW         2801    .bss                etharp.o
    0x20005434   0x000030ac   Zero   RW         5104    .bss                stm32f4x7_eth.o
    0x200084e0   0x00007800   Zero   RW         5928    .bss                heap_4.o
    0x2000fce0   0x0000011e   Zero   RW         6005    .bss                tasks.o
    0x2000fdfe   0x00000002   PAD
    0x2000fe00   0x00000040   Zero   RW         6304    .bss                queue.o
    0x2000fe40   0x000000c8   Zero   RW         6532    .bss                uart.o
    0x2000ff08   0x00001000   Zero   RW          141    STACK               startup_stm32f4xx.o



  Load Region LR$$.ARM.__AT_0x10000000 (Base: 0x10000000, Size: 0x00000000, Max: 0x00002800, ABSOLUTE)

    Execution Region ER$$.ARM.__AT_0x10000000 (Base: 0x10000000, Size: 0x00002800, Max: 0x00002800, ABSOLUTE, UNINIT)

    Base Addr    Size         Type   Attr      Idx    E Section Name        Object

    0x10000000   0x00002800   Zero   RW        13603    .ARM.__AT_0x10000000  malloc.o



  Load Region LR$$.ARM.__AT_0x10002800 (Base: 0x10002800, Size: 0x00000000, Max: 0x00000280, ABSOLUTE)

    Execution Region ER$$.ARM.__AT_0x10002800 (Base: 0x10002800, Size: 0x00000280, Max: 0x00000280, ABSOLUTE, UNINIT)

    Base Addr    Size         Type   Attr      Idx    E Section Name        Object

    0x10002800   0x00000280   Zero   RW        13604    .ARM.__AT_0x10002800  malloc.o



  Load Region LR$$.ARM.__AT_0x68000000 (Base: 0x68000000, Size: 0x00000000, Max: 0x000f0000, ABSOLUTE)

    Execution Region ER$$.ARM.__AT_0x68000000 (Base: 0x68000000, Size: 0x000f0000, Max: 0x000f0000, ABSOLUTE, UNINIT)

    Base Addr    Size         Type   Attr      Idx    E Section Name        Object

    0x68000000   0x000f0000   Zero   RW        13605    .ARM.__AT_0x68000000  malloc.o



  Load Region LR$$.ARM.__AT_0x680F0000 (Base: 0x680f0000, Size: 0x00000000, Max: 0x0000f000, ABSOLUTE)

    Execution Region ER$$.ARM.__AT_0x680F0000 (Base: 0x680f0000, Size: 0x0000f000, Max: 0x0000f000, ABSOLUTE, UNINIT)

    Base Addr    Size         Type   Attr      Idx    E Section Name        Object

    0x680f0000   0x0000f000   Zero   RW        13606    .ARM.__AT_0x680F0000  malloc.o


==============================================================================

Image component sizes


      Code (inc. data)   RO Data    RW Data    ZI Data      Debug   Object Name

      1074         44          0          0          0      27192   api_lib.o
      3178         50          0          0          0      19598   api_msg.o
        62          0          0          0          0       2676   def.o
      2814         50          0          4          0      20562   dhcp.o
        16          4        293         64          0       2218   err.o
      2540        104        183          1        200      16444   etharp.o
       916         84          0         12          0       6990   ethernetif.o
       428         44          0         16      30720       6079   heap_4.o
         0          0          0          0          0      11308   httpserver-socket.o
       542          8          0          0          0       3853   icmp.o
       200          0          0          0          0       3241   inet_chksum.o
        36          0          0          0          0      10669   init.o
       916        104          0         18          0       8661   ip.o
       450          6          8          0          0       9906   ip_addr.o
       152          0          0          0          0       4014   list.o
      1180        764          0          0          0      63786   main.o
         0          0          0          0    1055360       1978   malloc.o
       920         88          0         16       5140       6157   mem.o
       180         26         60          0      15003       3986   memp.o
       140         24          0          0          0       1971   misc.o
      2728        730         88          6        364      17839   mqttclient.o
       690         18          0          0          0       4765   mqttconnectclient.o
       276          0          0          0          0       2724   mqttdeserializepublish.o
       636         18          0          4          0      10570   mqttpacket.o
       398          0          0          0          0       5292   mqttserializepublish.o
       368          0          0          0          0       3451   mqttsubscribeclient.o
       138          0          0          0          0       2815   netbuf.o
       408        144          0          0         56       8171   netconf.o
       586         22          0          9          0      12095   netif.o
      1254          0          0          0          0       9381   pbuf.o
       346         52          0          4          0       6004   port.o
      1328          6          0          0         64      13442   queue.o
       444         24          0          4          0       6676   raw.o
      6440       2130        341          8         96      30680   sockets.o
       716         22          0          0          0       1033   sram.o
        36          8        392          0       4096        864   startup_stm32f4xx.o
       160         40         92         44          0       9491   stm324x7i_eval.o
      1998         76      10704         40          0      16048   stm324x7i_eval_lcd.o
      2358        164          0         16      12460      20145   stm32f4x7_eth.o
      1474        280          0          8        188       8536   stm32f4x7_eth_bsp.o
        52         12          0          0          0       1432   stm32f4xx_exti.o
       282          6          0          0          0       2249   stm32f4xx_fsmc.o
       222          0          0          0          0       3567   stm32f4xx_gpio.o
       122          6          0          0          0       4907   stm32f4xx_it.o
       360         42          0         16          0       6016   stm32f4xx_rcc.o
        12          6          0          0          0        710   stm32f4xx_syscfg.o
       438          8          0          0          0       6561   stm32f4xx_usart.o
       550          8          0          2          0      13841   sys_arch.o
       368         36          0         20          0     266545   system_stm32f4xx.o
      2326        332          0         60        286      23215   tasks.o
      5628       1824        513         36          0      40718   tcp.o
      6104       1050         64         32         20      18411   tcp_in.o
      6390       2074        538          0          0      18347   tcp_out.o
       444         52          0         12          0       9818   tcpip.o
       648         78          0          8          0       8015   timers.o
       212         40          0          4          0       3652   transport.o
       344         26          0          2        200       2748   uart.o
      1258         38          0          8          0      20805   udp.o

    ----------------------------------------------------------------------
     64378      10772      13324        484    1124256     872868   Object Totals
         0          0         32          0          0          0   (incl. Generated)
        92          0         16         10          3          0   (incl. Padding)

    ----------------------------------------------------------------------

      Code (inc. data)   RO Data    RW Data    ZI Data      Debug   Library Member Name

        86          0          0          0          0          0   __dczerorl2.o
         0          0          0          0          0          0   entry.o
         0          0          0          0          0          0   entry10a.o
         0          0          0          0          0          0   entry11a.o
         8          4          0          0          0          0   entry2.o
         4          0          0          0          0          0   entry5.o
         0          0          0          0          0          0   entry7b.o
         0          0          0          0          0          0   entry8b.o
         8          4          0          0          0          0   entry9a.o
        30          0          0          0          0          0   handlers.o
        36          8          0          0          0         68   init.o
         0          0          0          0          0          0   iusefp.o
        30          0          0          0          0         68   llshl.o
        36          0          0          0          0         68   llsshr.o
        32          0          0          0          0         68   llushr.o
        26          0          0          0          0         80   memcmp.o
        64          0          0          0          0         76   memmovea.o
        36          0          0          0          0        108   memseta.o
      2276         96          0          0          0        596   printfa.o
         0          0          0          4          0          0   stdout.o
        14          0          0          0          0         68   strlen.o
        24          0          0          0          0         76   strncpy.o
        44          0          0          0          0         80   uidiv.o
        98          0          0          0          0         92   uldiv.o
        48          0          0          0          0         68   cdrcmple.o
       334          0          0          0          0        148   dadd.o
       222          0          0          0          0        100   ddiv.o
       186          0          0          0          0        176   depilogue.o
        48          0          0          0          0         68   dfixul.o
       228          0          0          0          0         96   dmul.o

    ----------------------------------------------------------------------
      3922        112          0          4          0       2104   Library Totals
         4          0          0          0          0          0   (incl. Padding)

    ----------------------------------------------------------------------

      Code (inc. data)   RO Data    RW Data    ZI Data      Debug   Library Name

      2852        112          0          4          0       1448   mc_w.l
      1066          0          0          0          0        656   mf_w.l

    ----------------------------------------------------------------------
      3922        112          0          4          0       2104   Library Totals

    ----------------------------------------------------------------------

==============================================================================


      Code (inc. data)   RO Data    RW Data    ZI Data      Debug   

     68300      10884      13324        488    1124256     830364   Grand Totals
     68300      10884      13324        160    1124256     830364   ELF Image Totals (compressed)
     68300      10884      13324        160          0          0   ROM Totals

==============================================================================

    Total RO  Size (Code + RO Data)                81624 (  79.71kB)
    Total RW  Size (RW Data + ZI Data)           1124744 (1098.38kB)
    Total ROM Size (Code + RO Data + RW Data)      81784 (  79.87kB)

==============================================================================

